[2024-12-13 14:03:04] POST request received
[2024-12-13 14:03:04] Login attempt for user: jon.ellwood
[2024-12-13 14:05:43] POST request received
[2024-12-13 14:05:43] Login attempt for user: jon.ellwood
[2024-12-13 14:05:43] User ldap logged in: jon.ellwood
[2024-12-13 14:08:28] POST request received
[2024-12-13 14:08:28] Login attempt for user: jon.ellwood
[2024-12-13 14:08:28] User ldap logged in: jon.ellwood
[2024-12-13 14:20:16] POST request received
[2024-12-13 14:20:16] Login attempt for user: jon.ellwood
[2024-12-13 14:20:16] User ldap logged in: jon.ellwood
[2024-12-13 14:29:24] POST request received
[2024-12-13 14:29:24] Login attempt for user: jon.ellwood
[2024-12-13 14:29:24] User ldap logged in: jon.ellwood
[2024-12-13 14:29:24] Login time updated successfully for user ID: E4BCDD46-0DDA-459D-A835-2C8B88B3421E
[2024-12-13 14:29:24] User db is valid: jon.ellwood
[2024-12-13 14:29:24] Login time updated successfully for user ID: E4BCDD46-0DDA-459D-A835-2C8B88B3421E
[2024-12-13 14:29:24] Failed to check entry count for user: jon.ellwood
[2024-12-13 14:36:07] POST request received
[2024-12-13 14:36:07] Login attempt for user: jon.ellwood
[2024-12-13 14:36:07] User ldap logged in: jon.ellwood
[2024-12-13 14:36:07] Login time updated successfully for user ID: E4BCDD46-0DDA-459D-A835-2C8B88B3421E
[2024-12-13 14:36:07] Count: 8
[2024-12-13 14:36:07] User db is valid: jon.ellwood
[2024-12-13 14:36:07] Login time updated successfully for user ID: E4BCDD46-0DDA-459D-A835-2C8B88B3421E
[2024-12-13 14:36:07] Count: 8
[2024-12-13 14:36:07] Failed to check entry count for user: jon.ellwood
[2024-12-13 14:38:23] POST request received
[2024-12-13 14:38:23] Login attempt for user: jon.ellwood
[2024-12-13 14:38:23] User ldap logged in: jon.ellwood
[2024-12-13 14:38:23] Login time updated successfully for user ID: E4BCDD46-0DDA-459D-A835-2C8B88B3421E
[2024-12-13 14:38:23] Count: 8
[2024-12-13 14:38:23] User db is valid: jon.ellwood
[2024-12-13 14:38:23] Login time updated successfully for user ID: E4BCDD46-0DDA-459D-A835-2C8B88B3421E
[2024-12-13 14:38:23] Count: 8
[2024-12-13 14:58:08] POST request received
[2024-12-13 14:58:08] Login attempt for user: jon.ellwood
[2024-12-13 14:58:08] User ldap logged in: jon.ellwood
[2024-12-13 14:58:08] Login time updated successfully for user ID: E4BCDD46-0DDA-459D-A835-2C8B88B3421E
[2024-12-13 14:58:08] Count: 8
[2024-12-13 14:58:08] User db is valid: jon.ellwood
[2024-12-13 14:58:08] Login time updated successfully for user ID: E4BCDD46-0DDA-459D-A835-2C8B88B3421E
[2024-12-13 14:58:08] Count: 8
[2024-12-13 15:11:03] POST request received
[2024-12-13 15:11:03] Login attempt for user: jon.ellwood
[2024-12-13 15:11:03] User ldap logged in: jon.ellwood
[2024-12-13 15:11:04] Login time updated successfully for user ID: E4BCDD46-0DDA-459D-A835-2C8B88B3421E
[2024-12-13 15:11:05] Count: 8
[2024-12-13 15:11:05] User db is valid: jon.ellwood
[2024-12-13 15:11:06] Login time updated successfully for user ID: E4BCDD46-0DDA-459D-A835-2C8B88B3421E
[2024-12-13 15:11:07] Count: 8
[2024-12-13 15:27:27] POST request received
[2024-12-13 15:27:27] Login attempt for user: carla.carswell
[2024-12-13 15:27:27] User ldap logged in: carla.carswell
[2024-12-13 15:27:27] Login time updated successfully for user ID: 28BFA31E-C4C1-49DA-B52A-62850BAE8AAA
[2024-12-13 15:27:27] Count: 0
[2024-12-13 15:27:27] Inserted component order for user ID: 28BFA31E-C4C1-49DA-B52A-62850BAE8AAA, Component ID: 7e705475-5743-4477-a1c7-9165ecf62ddb
[2024-12-13 15:27:27] Inserted component order for user ID: 28BFA31E-C4C1-49DA-B52A-62850BAE8AAA, Component ID: a315fae2-3716-49f8-a076-95ddef2313b4
[2024-12-13 15:27:27] Inserted component order for user ID: 28BFA31E-C4C1-49DA-B52A-62850BAE8AAA, Component ID: a05ca0c4-c518-4692-a363-093a7a5f5af6
[2024-12-13 15:27:27] Inserted component order for user ID: 28BFA31E-C4C1-49DA-B52A-62850BAE8AAA, Component ID: 350e8ab0-a00c-4484-b42c-320670ec6d76
[2024-12-13 15:27:27] Inserted component order for user ID: 28BFA31E-C4C1-49DA-B52A-62850BAE8AAA, Component ID: 4c2fe295-7d3d-4a0f-97b6-964930142902
[2024-12-13 15:27:27] Inserted component order for user ID: 28BFA31E-C4C1-49DA-B52A-62850BAE8AAA, Component ID: 9f8a4rbt-c1bf-4867-8399-e0dd5000458d
[2024-12-13 15:27:27] Inserted component order for user ID: 28BFA31E-C4C1-49DA-B52A-62850BAE8AAA, Component ID: 988846bf-c1bf-4867-8399-e0dd5000458d
[2024-12-13 15:27:27] Inserted component order for user ID: 28BFA31E-C4C1-49DA-B52A-62850BAE8AAA, Component ID: 8dd2ea8e-560b-48a9-9a5f-1f152cafaa9c
[2024-12-13 15:27:27] User db is valid: carla.carswell
[2024-12-13 15:27:27] Login time updated successfully for user ID: 28BFA31E-C4C1-49DA-B52A-62850BAE8AAA
[2024-12-13 15:27:27] Count: 8
[2024-12-13 15:49:10] POST request received
[2024-12-13 15:49:10] Login attempt for user: jon.ellwood
[2024-12-13 15:49:10] User ldap logged in: jon.ellwood
[2024-12-13 15:49:10] Login time updated successfully for user ID: E4BCDD46-0DDA-459D-A835-2C8B88B3421E
[2024-12-13 15:49:10] Count: 8
[2024-12-13 15:49:10] User db is valid: jon.ellwood
[2024-12-13 15:49:10] Login time updated successfully for user ID: E4BCDD46-0DDA-459D-A835-2C8B88B3421E
[2024-12-13 15:49:10] Count: 8
[2024-12-13 15:59:12] POST request received
[2024-12-13 15:59:12] Login attempt for user: jeff.hickerson
[2024-12-13 15:59:13] User ldap logged in: jeff.hickerson
[2024-12-13 15:59:13] Login time updated successfully for user ID: DE5F12D1-15D1-4950-9B1E-716437940E8B
[2024-12-13 15:59:13] Count: 0
[2024-12-13 15:59:13] Inserted component order for user ID: DE5F12D1-15D1-4950-9B1E-716437940E8B, Component ID: 7e705475-5743-4477-a1c7-9165ecf62ddb
[2024-12-13 15:59:13] Inserted component order for user ID: DE5F12D1-15D1-4950-9B1E-716437940E8B, Component ID: a315fae2-3716-49f8-a076-95ddef2313b4
[2024-12-13 15:59:13] Inserted component order for user ID: DE5F12D1-15D1-4950-9B1E-716437940E8B, Component ID: a05ca0c4-c518-4692-a363-093a7a5f5af6
[2024-12-13 15:59:13] Inserted component order for user ID: DE5F12D1-15D1-4950-9B1E-716437940E8B, Component ID: 350e8ab0-a00c-4484-b42c-320670ec6d76
[2024-12-13 15:59:13] Inserted component order for user ID: DE5F12D1-15D1-4950-9B1E-716437940E8B, Component ID: 4c2fe295-7d3d-4a0f-97b6-964930142902
[2024-12-13 15:59:13] Inserted component order for user ID: DE5F12D1-15D1-4950-9B1E-716437940E8B, Component ID: 9f8a4rbt-c1bf-4867-8399-e0dd5000458d
[2024-12-13 15:59:13] Inserted component order for user ID: DE5F12D1-15D1-4950-9B1E-716437940E8B, Component ID: 988846bf-c1bf-4867-8399-e0dd5000458d
[2024-12-13 15:59:13] Inserted component order for user ID: DE5F12D1-15D1-4950-9B1E-716437940E8B, Component ID: 8dd2ea8e-560b-48a9-9a5f-1f152cafaa9c
[2024-12-13 15:59:13] User db is valid: jeff.hickerson
[2024-12-13 15:59:13] Login time updated successfully for user ID: DE5F12D1-15D1-4950-9B1E-716437940E8B
[2024-12-13 15:59:13] Count: 8
[2024-12-13 16:45:17] POST request received
[2024-12-13 16:45:17] Login attempt for user: jon.ellwood
[2024-12-13 16:45:17] User ldap logged in: jon.ellwood
[2024-12-13 16:45:17] Login time updated successfully for user ID: E4BCDD46-0DDA-459D-A835-2C8B88B3421E
[2024-12-13 16:45:17] Count: 8
[2024-12-13 16:45:17] User db is valid: jon.ellwood
[2024-12-13 16:45:17] Login time updated successfully for user ID: E4BCDD46-0DDA-459D-A835-2C8B88B3421E
[2024-12-13 16:45:17] Count: 8
[2024-12-13 19:44:43] Cookie data: Array
(
    [username] => jon.ellwood
)

[2024-12-13 19:44:46] Cookie data: Array
(
    [username] => jon.ellwood
)

[2024-12-13 19:44:50] Cookie data: Array
(
    [username] => jon.ellwood
)

[2024-12-13 19:44:59] Cookie data: Array
(
    [username] => jon.ellwood
)

[2024-12-13 19:45:15] Cookie data: Array
(
    [username] => jon.ellwood
)

[2024-12-13 19:47:43] Cookie data: Array
(
    [username] => jon.ellwood
)

[2024-12-13 19:47:43] Cookie username: jon.ellwood
[2024-12-13 19:50:34] Cookie data: Array
(
    [username] => jon.ellwood
)

[2024-12-13 19:50:34] Cookie username: jon.ellwood
[2024-12-13 19:52:06] Cookie data: Array
(
    [username] => jon.ellwood
)

[2024-12-13 19:52:06] Cookie username: jon.ellwood
[2024-12-13 19:57:54] Cookie data: Array
(
    [username] => jon.ellwood
)

[2024-12-13 19:57:54] Cookie username: jon.ellwood
[2024-12-13 19:57:54] User data set in session: {"loggedin":true,"username":"jon.ellwood","employeeID":"4438","userID":"E4BCDD46-0DDA-459D-A835-2C8B88B3421E","FirstName":"JONATHAN","LastName":"ELLWOOD","PreferredName":"JON","DepartmentNumber":"41515","isAdmin":"No Info","isLDAP":"1"}
[2024-12-13 19:57:54] Login time updated successfully for user ID: E4BCDD46-0DDA-459D-A835-2C8B88B3421E
[2024-12-13 19:57:54] Count: 8
[2024-12-13 19:57:54] User logged in from cookie: jon.ellwood
[2024-12-16 12:59:55] Cookie data: Array
(
    [username] => jon.ellwood
)

[2024-12-16 12:59:55] Cookie username: jon.ellwood
[2024-12-16 12:59:55] User data set in session: {"loggedin":true,"username":"jon.ellwood","employeeID":"4438","userID":"E4BCDD46-0DDA-459D-A835-2C8B88B3421E","FirstName":"JONATHAN","LastName":"ELLWOOD","PreferredName":"JON","DepartmentNumber":"41515","isAdmin":"No Info","isLDAP":"1"}
[2024-12-16 12:59:55] Login time updated successfully for user ID: E4BCDD46-0DDA-459D-A835-2C8B88B3421E
[2024-12-16 12:59:55] Count: 8
[2024-12-16 12:59:55] User logged in from cookie: jon.ellwood
[2024-12-16 13:19:08] Cookie data: Array
(
    [username] => jerri.christmas
)

[2024-12-16 13:19:08] Cookie username: jerri.christmas
[2024-12-16 13:19:08] User data set in session: {"loggedin":true,"username":"jerri.christmas","employeeID":"6052","userID":"2E189D38-87F7-41A7-AD56-A0022B1EBE92","FirstName":"JERRI","LastName":"CHRISTMAS","PreferredName":"JERRI","DepartmentNumber":"41515","isAdmin":"No Info","isLDAP":"1"}
[2024-12-16 13:19:08] Login time updated successfully for user ID: 2E189D38-87F7-41A7-AD56-A0022B1EBE92
[2024-12-16 13:19:08] Count: 7
[2024-12-16 13:19:08] User logged in from cookie: jerri.christmas
[2024-12-16 13:37:51] POST request received
[2024-12-16 13:37:51] Login attempt for user: patrick.snow
[2024-12-16 13:37:51] User ldap logged in: patrick.snow
[2024-12-16 13:37:51] User data set in session: {"loggedin":true,"loggedinuser":"patrick.snow","username":"patrick.snow","employeeID":"7980","userID":"DD765EE4-1955-45EF-ABB8-B93FE9177C40","FirstName":"PATRICK","LastName":"SNOW","PreferredName":"PATRICK","DepartmentNumber":"41515","isAdmin":"No Info","isLDAP":"1"}
[2024-12-16 13:37:51] Login time updated successfully for user ID: DD765EE4-1955-45EF-ABB8-B93FE9177C40
[2024-12-16 13:37:51] Count: 7
[2024-12-16 13:37:51] User db is valid: patrick.snow
[2024-12-16 13:37:51] Login time updated successfully for user ID: DD765EE4-1955-45EF-ABB8-B93FE9177C40
[2024-12-16 13:37:51] Count: 7
[2024-12-16 13:59:12] Cookie data: Array
(
    [username] => CHERYL.GREENWOOD
)

[2024-12-16 13:59:12] Cookie username: CHERYL.GREENWOOD
[2024-12-16 13:59:12] User data set in session: {"loggedin":true,"username":"CHERYL.GREENWOOD","employeeID":"6865","userID":"2C8147D7-CA9F-4D63-8C3A-F96C86EA6526","FirstName":"CHERYL","LastName":"GREENWOOD","PreferredName":"CHERYL","DepartmentNumber":"41514","isAdmin":"No Info","isLDAP":"1"}
[2024-12-16 13:59:12] Login time updated successfully for user ID: 2C8147D7-CA9F-4D63-8C3A-F96C86EA6526
[2024-12-16 13:59:12] Count: 7
[2024-12-16 13:59:12] User logged in from cookie: CHERYL.GREENWOOD
[2024-12-16 15:14:41] Cookie data: Array
(
    [username] => jon.ellwood
)

[2024-12-16 15:14:41] Cookie username: jon.ellwood
[2024-12-16 15:14:41] User data set in session: {"loggedin":true,"username":"jon.ellwood","employeeID":"4438","userID":"E4BCDD46-0DDA-459D-A835-2C8B88B3421E","FirstName":"JONATHAN","LastName":"ELLWOOD","PreferredName":"JON","DepartmentNumber":"41515","isAdmin":"No Info","isLDAP":"1"}
[2024-12-16 15:14:41] Login time updated successfully for user ID: E4BCDD46-0DDA-459D-A835-2C8B88B3421E
[2024-12-16 15:14:41] Count: 8
[2024-12-16 15:14:41] User logged in from cookie: jon.ellwood
[2024-12-16 16:28:53] Cookie data: Array
(
    [username] => jon.ellwood
)

[2024-12-16 16:28:53] Cookie username: jon.ellwood
[2024-12-16 16:28:53] User data set in session: {"loggedin":true,"username":"jon.ellwood","employeeID":"4438","userID":"E4BCDD46-0DDA-459D-A835-2C8B88B3421E","FirstName":"JONATHAN","LastName":"ELLWOOD","PreferredName":"JON","DepartmentNumber":"41515","isAdmin":"No Info","isLDAP":"1"}
[2024-12-16 16:28:53] Login time updated successfully for user ID: E4BCDD46-0DDA-459D-A835-2C8B88B3421E
[2024-12-16 16:28:53] Count: 8
[2024-12-16 16:28:53] User logged in from cookie: jon.ellwood
[2024-12-16 18:44:37] Cookie data: Array
(
    [username] => jon.ellwood
)

[2024-12-16 18:44:37] Cookie username: jon.ellwood
[2024-12-16 18:44:38] User data set in session: {"loggedin":true,"username":"jon.ellwood","employeeID":"4438","userID":"E4BCDD46-0DDA-459D-A835-2C8B88B3421E","FirstName":"JONATHAN","LastName":"ELLWOOD","PreferredName":"JON","DepartmentNumber":"41515","isAdmin":"No Info","isLDAP":"1"}
[2024-12-16 18:44:38] Login time updated successfully for user ID: E4BCDD46-0DDA-459D-A835-2C8B88B3421E
[2024-12-16 18:44:38] Count: 8
[2024-12-16 18:44:38] User logged in from cookie: jon.ellwood
[2024-12-17 12:44:58] Cookie data: Array
(
    [username] => jon.ellwood
)

[2024-12-17 12:44:58] Cookie username: jon.ellwood
[2024-12-17 12:44:58] User data set in session: {"loggedin":true,"username":"jon.ellwood","employeeID":"4438","userID":"E4BCDD46-0DDA-459D-A835-2C8B88B3421E","FirstName":"JONATHAN","LastName":"ELLWOOD","PreferredName":"JON","DepartmentNumber":"41515","isAdmin":"No Info","isLDAP":"1"}
[2024-12-17 12:44:58] Login time updated successfully for user ID: E4BCDD46-0DDA-459D-A835-2C8B88B3421E
[2024-12-17 12:44:58] Count: 8
[2024-12-17 12:44:58] User logged in from cookie: jon.ellwood
[2024-12-17 13:30:08] POST request received
[2024-12-17 13:30:08] Login attempt for user: jerri.christmas
[2024-12-17 13:30:08] User ldap logged in: jerri.christmas
[2024-12-17 13:30:08] User data set in session: {"loggedin":true,"loggedinuser":"jerri.christmas","username":"jerri.christmas","employeeID":"6052","userID":"2E189D38-87F7-41A7-AD56-A0022B1EBE92","FirstName":"JERRI","LastName":"CHRISTMAS","PreferredName":"JERRI","DepartmentNumber":"41515","isAdmin":"No Info","isLDAP":"1"}
[2024-12-17 13:30:08] Login time updated successfully for user ID: 2E189D38-87F7-41A7-AD56-A0022B1EBE92
[2024-12-17 13:30:08] Count: 7
[2024-12-17 13:30:08] User db is valid: jerri.christmas
[2024-12-17 13:30:08] Login time updated successfully for user ID: 2E189D38-87F7-41A7-AD56-A0022B1EBE92
[2024-12-17 13:30:09] Count: 7
[2024-12-17 19:14:03] POST request received
[2024-12-17 19:14:03] Login attempt for user: jon.ellwood
[2024-12-17 19:14:03] User ldap logged in: jon.ellwood
[2024-12-17 19:14:03] User data set in session: {"loggedin":true,"loggedinuser":"jon.ellwood","username":"jon.ellwood","employeeID":"4438","userID":"E4BCDD46-0DDA-459D-A835-2C8B88B3421E","FirstName":"JONATHAN","LastName":"ELLWOOD","PreferredName":"JON","DepartmentNumber":"41515","isAdmin":"No Info","isLDAP":"1"}
[2024-12-17 19:14:03] Login time updated successfully for user ID: E4BCDD46-0DDA-459D-A835-2C8B88B3421E
[2024-12-17 19:14:03] Count: 8
[2024-12-17 19:14:03] User db is valid: jon.ellwood
[2024-12-17 19:14:04] Login time updated successfully for user ID: E4BCDD46-0DDA-459D-A835-2C8B88B3421E
[2024-12-17 19:14:04] Count: 8
[2024-12-18 12:45:08] Cookie data: Array
(
    [username] => jon.ellwood
)

[2024-12-18 12:45:08] Cookie username: jon.ellwood
[2024-12-18 12:45:08] User data set in session: {"loggedin":true,"username":"jon.ellwood","employeeID":"4438","userID":"E4BCDD46-0DDA-459D-A835-2C8B88B3421E","FirstName":"JONATHAN","LastName":"ELLWOOD","PreferredName":"JON","DepartmentNumber":"41515","isAdmin":"No Info","isLDAP":"1"}
[2024-12-18 12:45:08] Login time updated successfully for user ID: E4BCDD46-0DDA-459D-A835-2C8B88B3421E
[2024-12-18 12:45:08] Count: 8
[2024-12-18 12:45:08] User logged in from cookie: jon.ellwood
[2024-12-18 13:56:23] Cookie data: Array
(
    [username] => jon.ellwood
)

[2024-12-18 13:56:23] Cookie username: jon.ellwood
[2024-12-18 13:56:23] User data set in session: {"loggedin":true,"username":"jon.ellwood","employeeID":"4438","userID":"E4BCDD46-0DDA-459D-A835-2C8B88B3421E","FirstName":"JONATHAN","LastName":"ELLWOOD","PreferredName":"JON","DepartmentNumber":"41515","isAdmin":"No Info","isLDAP":"1"}
[2024-12-18 13:56:23] Login time updated successfully for user ID: E4BCDD46-0DDA-459D-A835-2C8B88B3421E
[2024-12-18 13:56:23] Count: 8
[2024-12-18 13:56:23] User logged in from cookie: jon.ellwood
[2024-12-18 16:08:13] Cookie data: Array
(
    [username] => jon.ellwood
)

[2024-12-18 16:08:13] Cookie username: jon.ellwood
[2024-12-18 16:08:13] User data set in session: {"loggedin":true,"username":"jon.ellwood","employeeID":"4438","userID":"E4BCDD46-0DDA-459D-A835-2C8B88B3421E","FirstName":"JONATHAN","LastName":"ELLWOOD","PreferredName":"JON","DepartmentNumber":"41515","isAdmin":"No Info","isLDAP":"1"}
[2024-12-18 16:08:13] Login time updated successfully for user ID: E4BCDD46-0DDA-459D-A835-2C8B88B3421E
[2024-12-18 16:08:13] Count: 8
[2024-12-18 16:08:13] User logged in from cookie: jon.ellwood
[2024-12-18 17:50:10] Cookie data: Array
(
    [username] => jerri.christmas
)

[2024-12-18 17:50:10] Cookie username: jerri.christmas
[2024-12-18 17:50:10] User data set in session: {"loggedin":true,"username":"jerri.christmas","employeeID":"6052","userID":"2E189D38-87F7-41A7-AD56-A0022B1EBE92","FirstName":"JERRI","LastName":"CHRISTMAS","PreferredName":"JERRI","DepartmentNumber":"41515","isAdmin":"No Info","isLDAP":"1"}
[2024-12-18 17:50:10] Login time updated successfully for user ID: 2E189D38-87F7-41A7-AD56-A0022B1EBE92
[2024-12-18 17:50:11] Count: 7
[2024-12-18 17:50:11] User logged in from cookie: jerri.christmas
[2024-12-19 12:26:09] Cookie data: Array
(
    [username] => jerri.christmas
)

[2024-12-19 12:26:09] Cookie username: jerri.christmas
[2024-12-19 12:26:09] User data set in session: {"loggedin":true,"username":"jerri.christmas","employeeID":"6052","userID":"2E189D38-87F7-41A7-AD56-A0022B1EBE92","FirstName":"JERRI","LastName":"CHRISTMAS","PreferredName":"JERRI","DepartmentNumber":"41515","isAdmin":"No Info","isLDAP":"1"}
[2024-12-19 12:26:09] Login time updated successfully for user ID: 2E189D38-87F7-41A7-AD56-A0022B1EBE92
[2024-12-19 12:26:09] Count: 7
[2024-12-19 12:26:09] User logged in from cookie: jerri.christmas
[2024-12-19 15:06:36] POST request received
[2024-12-19 15:06:36] Login attempt for user: jon.ellwood
[2024-12-19 15:06:36] User ldap logged in: jon.ellwood
[2024-12-19 15:06:36] User data set in session: {"loggedin":true,"loggedinuser":"jon.ellwood","username":"jon.ellwood","employeeID":"4438","userID":"E4BCDD46-0DDA-459D-A835-2C8B88B3421E","FirstName":"JONATHAN","LastName":"ELLWOOD","PreferredName":"JON","DepartmentNumber":"41515","isAdmin":"No Info","isLDAP":"1"}
[2024-12-19 15:06:36] Login time updated successfully for user ID: E4BCDD46-0DDA-459D-A835-2C8B88B3421E
[2024-12-19 15:06:36] Count: 8
[2024-12-19 15:06:36] User db is valid: jon.ellwood
[2024-12-19 15:06:36] Login time updated successfully for user ID: E4BCDD46-0DDA-459D-A835-2C8B88B3421E
[2024-12-19 15:06:36] Count: 8
[2024-12-19 15:30:13] POST request received
[2024-12-19 15:30:13] Login attempt for user: jon.ellwood
[2024-12-19 15:30:13] User ldap logged in: jon.ellwood
[2024-12-19 15:30:13] User data set in session: {"loggedin":true,"loggedinuser":"jon.ellwood","username":"jon.ellwood","employeeID":"4438","userID":"E4BCDD46-0DDA-459D-A835-2C8B88B3421E","FirstName":"JONATHAN","LastName":"ELLWOOD","PreferredName":"JON","DepartmentNumber":"41515","isAdmin":"No Info","isLDAP":"1"}
[2024-12-19 15:30:13] Login time updated successfully for user ID: E4BCDD46-0DDA-459D-A835-2C8B88B3421E
[2024-12-19 15:30:13] Count: 8
[2024-12-19 15:30:13] User db is valid: jon.ellwood
[2024-12-19 15:30:13] Login time updated successfully for user ID: E4BCDD46-0DDA-459D-A835-2C8B88B3421E
[2024-12-19 15:30:13] Count: 8
[2024-12-19 16:59:51] Cookie data: Array
(
    [username] => jon.ellwood
)

[2024-12-19 16:59:51] Cookie username: jon.ellwood
[2024-12-19 16:59:51] User data set in session: {"loggedin":true,"username":"jon.ellwood","employeeID":"4438","userID":"E4BCDD46-0DDA-459D-A835-2C8B88B3421E","FirstName":"JONATHAN","LastName":"ELLWOOD","PreferredName":"JON","DepartmentNumber":"41515","isAdmin":"No Info","isLDAP":"1"}
[2024-12-19 16:59:51] Login time updated successfully for user ID: E4BCDD46-0DDA-459D-A835-2C8B88B3421E
[2024-12-19 16:59:52] Count: 8
[2024-12-19 16:59:52] User logged in from cookie: jon.ellwood
[2024-12-19 17:53:07] POST request received
[2024-12-19 17:53:07] Login attempt for user: jon.ellwood
[2024-12-19 17:53:07] User ldap logged in: jon.ellwood
[2024-12-19 17:53:07] User data set in session: {"loggedin":true,"loggedinuser":"jon.ellwood","username":"jon.ellwood","employeeID":"4438","userID":"E4BCDD46-0DDA-459D-A835-2C8B88B3421E","FirstName":"JONATHAN","LastName":"ELLWOOD","PreferredName":"JON","DepartmentNumber":"41515","isAdmin":"No Info","isLDAP":"1"}
[2024-12-19 17:53:07] Login time updated successfully for user ID: E4BCDD46-0DDA-459D-A835-2C8B88B3421E
[2024-12-19 17:53:07] Count: 8
[2024-12-19 17:53:07] User db is valid: jon.ellwood
[2024-12-19 17:53:07] Login time updated successfully for user ID: E4BCDD46-0DDA-459D-A835-2C8B88B3421E
[2024-12-19 17:53:07] Count: 8
[2024-12-19 19:59:12] Cookie data: Array
(
    [username] => jerri.christmas
)

[2024-12-19 19:59:12] Cookie username: jerri.christmas
[2024-12-19 19:59:12] User data set in session: {"loggedin":true,"username":"jerri.christmas","employeeID":"6052","userID":"2E189D38-87F7-41A7-AD56-A0022B1EBE92","FirstName":"JERRI","LastName":"CHRISTMAS","PreferredName":"JERRI","DepartmentNumber":"41515","isAdmin":"No Info","isLDAP":"1"}
[2024-12-19 19:59:12] Login time updated successfully for user ID: 2E189D38-87F7-41A7-AD56-A0022B1EBE92
[2024-12-19 19:59:12] Count: 7
[2024-12-19 19:59:12] User logged in from cookie: jerri.christmas
[2024-12-19 20:35:29] Cookie data: Array
(
    [username] => jon.ellwood
)

[2024-12-19 20:35:29] Cookie username: jon.ellwood
[2024-12-19 20:35:29] User data set in session: {"loggedin":true,"username":"jon.ellwood","employeeID":"4438","userID":"E4BCDD46-0DDA-459D-A835-2C8B88B3421E","FirstName":"JONATHAN","LastName":"ELLWOOD","PreferredName":"JON","DepartmentNumber":"41515","isAdmin":"No Info","isLDAP":"1"}
[2024-12-19 20:35:30] Login time updated successfully for user ID: E4BCDD46-0DDA-459D-A835-2C8B88B3421E
[2024-12-19 20:35:30] Count: 8
[2024-12-19 20:35:30] User logged in from cookie: jon.ellwood
[2024-12-19 20:41:06] Cookie data: Array
(
    [username] => jerri.christmas
)

[2024-12-19 20:41:06] Cookie username: jerri.christmas
[2024-12-19 20:41:06] User data set in session: {"loggedin":true,"username":"jerri.christmas","employeeID":"6052","userID":"2E189D38-87F7-41A7-AD56-A0022B1EBE92","FirstName":"JERRI","LastName":"CHRISTMAS","PreferredName":"JERRI","DepartmentNumber":"41515","isAdmin":"No Info","isLDAP":"1"}
[2024-12-19 20:41:07] Login time updated successfully for user ID: 2E189D38-87F7-41A7-AD56-A0022B1EBE92
[2024-12-19 20:41:07] Count: 7
[2024-12-19 20:41:07] User logged in from cookie: jerri.christmas
[2024-12-20 14:03:03] Cookie data: Array
(
    [username] => jon.ellwood
)

[2024-12-20 14:03:03] Cookie username: jon.ellwood
[2024-12-20 14:03:03] User data set in session: {"loggedin":true,"username":"jon.ellwood","employeeID":"4438","userID":"E4BCDD46-0DDA-459D-A835-2C8B88B3421E","FirstName":"JONATHAN","LastName":"ELLWOOD","PreferredName":"JON","DepartmentNumber":"41515","isAdmin":"No Info","isLDAP":"1"}
[2024-12-20 14:03:03] Login time updated successfully for user ID: E4BCDD46-0DDA-459D-A835-2C8B88B3421E
[2024-12-20 14:03:03] Count: 8
[2024-12-20 14:03:03] User logged in from cookie: jon.ellwood
[2024-12-20 19:00:48] POST request received
[2024-12-20 19:00:48] Login attempt for user: patricia.white
[2024-12-20 19:00:48] User ldap logged in: patricia.white
[2024-12-20 19:00:48] User data set in session: {"loggedin":true,"loggedinuser":"patricia.white","username":"patricia.white","employeeID":"8006","userID":"E5BAFA9E-A464-4168-A6D3-854BD00DED0F","FirstName":"PATRICIA","LastName":"WHITE","PreferredName":"PATTY","DepartmentNumber":"41515","isAdmin":"No Info","isLDAP":"1"}
[2024-12-20 19:00:48] Login time updated successfully for user ID: E5BAFA9E-A464-4168-A6D3-854BD00DED0F
[2024-12-20 19:00:48] Count: 0
[2024-12-20 19:00:48] Inserted component order for user ID: E5BAFA9E-A464-4168-A6D3-854BD00DED0F, Component ID: 7e705475-5743-4477-a1c7-9165ecf62ddb
[2024-12-20 19:00:48] Inserted component order for user ID: E5BAFA9E-A464-4168-A6D3-854BD00DED0F, Component ID: a315fae2-3716-49f8-a076-95ddef2313b4
[2024-12-20 19:00:48] Inserted component order for user ID: E5BAFA9E-A464-4168-A6D3-854BD00DED0F, Component ID: a05ca0c4-c518-4692-a363-093a7a5f5af6
[2024-12-20 19:00:48] Inserted component order for user ID: E5BAFA9E-A464-4168-A6D3-854BD00DED0F, Component ID: 350e8ab0-a00c-4484-b42c-320670ec6d76
[2024-12-20 19:00:48] Inserted component order for user ID: E5BAFA9E-A464-4168-A6D3-854BD00DED0F, Component ID: 4c2fe295-7d3d-4a0f-97b6-964930142902
[2024-12-20 19:00:48] Inserted component order for user ID: E5BAFA9E-A464-4168-A6D3-854BD00DED0F, Component ID: 9f8a4rbt-c1bf-4867-8399-e0dd5000458d
[2024-12-20 19:00:48] Inserted component order for user ID: E5BAFA9E-A464-4168-A6D3-854BD00DED0F, Component ID: 988846bf-c1bf-4867-8399-e0dd5000458d
[2024-12-20 19:00:48] Inserted component order for user ID: E5BAFA9E-A464-4168-A6D3-854BD00DED0F, Component ID: 8dd2ea8e-560b-48a9-9a5f-1f152cafaa9c
[2024-12-20 19:00:48] User db is valid: patricia.white
[2024-12-20 19:00:48] Login time updated successfully for user ID: E5BAFA9E-A464-4168-A6D3-854BD00DED0F
[2024-12-20 19:00:48] Count: 8
[2024-12-20 19:36:54] Cookie data: Array
(
    [username] => jon.ellwood
)

[2024-12-20 19:36:54] Cookie username: jon.ellwood
[2024-12-20 19:36:54] User data set in session: {"loggedin":true,"username":"jon.ellwood","employeeID":"4438","userID":"E4BCDD46-0DDA-459D-A835-2C8B88B3421E","FirstName":"JONATHAN","LastName":"ELLWOOD","PreferredName":"JON","DepartmentNumber":"41515","isAdmin":"No Info","isLDAP":"1"}
[2024-12-20 19:36:54] Login time updated successfully for user ID: E4BCDD46-0DDA-459D-A835-2C8B88B3421E
[2024-12-20 19:36:54] Count: 8
[2024-12-20 19:36:54] User logged in from cookie: jon.ellwood
[2024-12-20 20:17:44] Cookie data: Array
(
    [username] => jon.ellwood
)

[2024-12-20 20:17:44] Cookie username: jon.ellwood
[2024-12-20 20:17:44] User data set in session: {"loggedin":true,"username":"jon.ellwood","employeeID":"4438","userID":"E4BCDD46-0DDA-459D-A835-2C8B88B3421E","FirstName":"JONATHAN","LastName":"ELLWOOD","PreferredName":"JON","DepartmentNumber":"41515","isAdmin":"No Info","isLDAP":"1"}
[2024-12-20 20:17:44] Login time updated successfully for user ID: E4BCDD46-0DDA-459D-A835-2C8B88B3421E
[2024-12-20 20:17:44] Count: 8
[2024-12-20 20:17:44] User logged in from cookie: jon.ellwood
[2024-12-23 13:56:21] POST request received
[2024-12-23 13:56:21] Login attempt for user: jon.ellwood
[2024-12-23 13:56:21] User ldap logged in: jon.ellwood
[2024-12-23 13:56:21] User data set in session: {"loggedin":true,"loggedinuser":"jon.ellwood","username":"jon.ellwood","employeeID":"4438","userID":"E4BCDD46-0DDA-459D-A835-2C8B88B3421E","FirstName":"JONATHAN","LastName":"ELLWOOD","PreferredName":"JON","DepartmentNumber":"41515","isAdmin":"No Info","isLDAP":"1"}
[2024-12-23 13:56:21] Login time updated successfully for user ID: E4BCDD46-0DDA-459D-A835-2C8B88B3421E
[2024-12-23 13:56:21] Count: 8
[2024-12-23 13:56:21] User db is valid: jon.ellwood
[2024-12-23 13:56:21] Login time updated successfully for user ID: E4BCDD46-0DDA-459D-A835-2C8B88B3421E
[2024-12-23 13:56:21] Count: 8
[2024-12-23 14:00:12] Cookie data: Array
(
    [username] => patrick.snow
)

[2024-12-23 14:00:12] Cookie username: patrick.snow
[2024-12-23 14:00:12] User data set in session: {"loggedin":true,"username":"patrick.snow","employeeID":"7980","userID":"DD765EE4-1955-45EF-ABB8-B93FE9177C40","FirstName":"PATRICK","LastName":"SNOW","PreferredName":"PATRICK","DepartmentNumber":"41515","isAdmin":"No Info","isLDAP":"1"}
[2024-12-23 14:00:12] Login time updated successfully for user ID: DD765EE4-1955-45EF-ABB8-B93FE9177C40
[2024-12-23 14:00:12] Count: 7
[2024-12-23 14:00:12] User logged in from cookie: patrick.snow
[2024-12-23 14:27:02] Cookie data: Array
(
    [username] => CHERYL.GREENWOOD
)

[2024-12-23 14:27:02] Cookie username: CHERYL.GREENWOOD
[2024-12-23 14:27:02] User data set in session: {"loggedin":true,"username":"CHERYL.GREENWOOD","employeeID":"6865","userID":"2C8147D7-CA9F-4D63-8C3A-F96C86EA6526","FirstName":"CHERYL","LastName":"GREENWOOD","PreferredName":"CHERYL","DepartmentNumber":"41514","isAdmin":"No Info","isLDAP":"1"}
[2024-12-23 14:27:02] Login time updated successfully for user ID: 2C8147D7-CA9F-4D63-8C3A-F96C86EA6526
[2024-12-23 14:27:02] Count: 7
[2024-12-23 14:27:02] User logged in from cookie: CHERYL.GREENWOOD
[2024-12-23 15:01:58] Cookie data: Array
(
    [username] => jon.ellwood
)

[2024-12-23 15:01:58] Cookie username: jon.ellwood
[2024-12-23 15:01:58] User data set in session: {"loggedin":true,"username":"jon.ellwood","employeeID":"4438","userID":"E4BCDD46-0DDA-459D-A835-2C8B88B3421E","FirstName":"JONATHAN","LastName":"ELLWOOD","PreferredName":"JON","DepartmentNumber":"41515","isAdmin":"No Info","isLDAP":"1"}
[2024-12-23 15:01:58] Login time updated successfully for user ID: E4BCDD46-0DDA-459D-A835-2C8B88B3421E
[2024-12-23 15:01:58] Count: 8
[2024-12-23 15:01:58] User logged in from cookie: jon.ellwood
[2024-12-23 15:05:15] Cookie data: Array
(
    [username] => jon.ellwood
)

[2024-12-23 15:05:15] Cookie username: jon.ellwood
[2024-12-23 15:05:15] User data set in session: {"loggedin":true,"username":"jon.ellwood","employeeID":"4438","userID":"E4BCDD46-0DDA-459D-A835-2C8B88B3421E","FirstName":"JONATHAN","LastName":"ELLWOOD","PreferredName":"JON","DepartmentNumber":"41515","isAdmin":"No Info","isLDAP":"1"}
[2024-12-23 15:05:15] Login time updated successfully for user ID: E4BCDD46-0DDA-459D-A835-2C8B88B3421E
[2024-12-23 15:05:15] Count: 8
[2024-12-23 15:05:15] User logged in from cookie: jon.ellwood
[2024-12-27 14:02:34] Cookie data: Array
(
    [username] => CHERYL.GREENWOOD
)

[2024-12-27 14:02:34] Cookie username: CHERYL.GREENWOOD
[2024-12-27 14:02:34] User data set in session: {"loggedin":true,"username":"CHERYL.GREENWOOD","employeeID":"6865","userID":"2C8147D7-CA9F-4D63-8C3A-F96C86EA6526","FirstName":"CHERYL","LastName":"GREENWOOD","PreferredName":"CHERYL","DepartmentNumber":"41514","isAdmin":"No Info","isLDAP":"1"}
[2024-12-27 14:02:34] Login time updated successfully for user ID: 2C8147D7-CA9F-4D63-8C3A-F96C86EA6526
[2024-12-27 14:02:34] Count: 7
[2024-12-27 14:02:34] User logged in from cookie: CHERYL.GREENWOOD
[2024-12-27 14:29:20] Cookie data: Array
(
    [username] => jon.ellwood
)

[2024-12-27 14:29:20] Cookie username: jon.ellwood
[2024-12-27 14:29:20] User data set in session: {"loggedin":true,"username":"jon.ellwood","employeeID":"4438","userID":"E4BCDD46-0DDA-459D-A835-2C8B88B3421E","FirstName":"JONATHAN","LastName":"ELLWOOD","PreferredName":"JON","DepartmentNumber":"41515","isAdmin":"No Info","isLDAP":"1"}
[2024-12-27 14:29:20] Login time updated successfully for user ID: E4BCDD46-0DDA-459D-A835-2C8B88B3421E
[2024-12-27 14:29:20] Count: 8
[2024-12-27 14:29:20] User logged in from cookie: jon.ellwood
[2024-12-27 18:58:20] Cookie data: Array
(
    [username] => jon.ellwood
)

[2024-12-27 18:58:20] Cookie username: jon.ellwood
[2024-12-27 18:58:20] User data set in session: {"loggedin":true,"username":"jon.ellwood","employeeID":"4438","userID":"E4BCDD46-0DDA-459D-A835-2C8B88B3421E","FirstName":"JONATHAN","LastName":"ELLWOOD","PreferredName":"JON","DepartmentNumber":"41515","isAdmin":"No Info","isLDAP":"1"}
[2024-12-27 18:58:20] Login time updated successfully for user ID: E4BCDD46-0DDA-459D-A835-2C8B88B3421E
[2024-12-27 18:58:20] Count: 8
[2024-12-27 18:58:20] User logged in from cookie: jon.ellwood
[2024-12-30 13:56:15] POST request received
[2024-12-30 13:56:15] Login attempt for user: Jon.elwood
[2024-12-30 13:56:15] Error [2] on line 27 in file /var/www/html/auth/UserAuth.php: ldap_bind(): Unable to bind to server: Invalid credentials
[2024-12-30 13:56:15] Invalid credentials for user: Jon.elwood
[2024-12-30 13:56:28] POST request received
[2024-12-30 13:56:28] Login attempt for user: Jon.elwood
[2024-12-30 13:56:28] Error [2] on line 27 in file /var/www/html/auth/UserAuth.php: ldap_bind(): Unable to bind to server: Invalid credentials
[2024-12-30 13:56:28] Invalid credentials for user: Jon.elwood
[2024-12-30 13:57:34] POST request received
[2024-12-30 13:57:34] Login attempt for user: jon.ellwood
[2024-12-30 13:57:34] User ldap logged in: jon.ellwood
[2024-12-30 13:57:34] User data set in session: {"loggedin":true,"loggedinuser":"jon.ellwood","username":"jon.ellwood","employeeID":"4438","userID":"E4BCDD46-0DDA-459D-A835-2C8B88B3421E","FirstName":"JONATHAN","LastName":"ELLWOOD","PreferredName":"JON","DepartmentNumber":"41515","isAdmin":"No Info","isLDAP":"1"}
[2024-12-30 13:57:34] Login time updated successfully for user ID: E4BCDD46-0DDA-459D-A835-2C8B88B3421E
[2024-12-30 13:57:34] Count: 8
[2024-12-30 13:57:34] User db is valid: jon.ellwood
[2024-12-30 13:57:34] Login time updated successfully for user ID: E4BCDD46-0DDA-459D-A835-2C8B88B3421E
[2024-12-30 13:57:34] Count: 8
[2024-12-30 14:02:22] Cookie data: Array
(
    [username] => CHERYL.GREENWOOD
)

[2024-12-30 14:02:22] Cookie username: CHERYL.GREENWOOD
[2024-12-30 14:02:22] User data set in session: {"loggedin":true,"username":"CHERYL.GREENWOOD","employeeID":"6865","userID":"2C8147D7-CA9F-4D63-8C3A-F96C86EA6526","FirstName":"CHERYL","LastName":"GREENWOOD","PreferredName":"CHERYL","DepartmentNumber":"41514","isAdmin":"No Info","isLDAP":"1"}
[2024-12-30 14:02:22] Login time updated successfully for user ID: 2C8147D7-CA9F-4D63-8C3A-F96C86EA6526
[2024-12-30 14:02:22] Count: 7
[2024-12-30 14:02:22] User logged in from cookie: CHERYL.GREENWOOD
[2024-12-30 14:16:30] Cookie data: Array
(
    [username] => jon.ellwood
)

[2024-12-30 14:16:30] Cookie username: jon.ellwood
[2024-12-30 14:16:30] User data set in session: {"loggedin":true,"username":"jon.ellwood","employeeID":"4438","userID":"E4BCDD46-0DDA-459D-A835-2C8B88B3421E","FirstName":"JONATHAN","LastName":"ELLWOOD","PreferredName":"JON","DepartmentNumber":"41515","isAdmin":"No Info","isLDAP":"1"}
[2024-12-30 14:16:30] Login time updated successfully for user ID: E4BCDD46-0DDA-459D-A835-2C8B88B3421E
[2024-12-30 14:16:30] Count: 8
[2024-12-30 14:16:30] User logged in from cookie: jon.ellwood
[2024-12-30 14:39:04] Cookie data: Array
(
    [username] => jerri.christmas
)

[2024-12-30 14:39:04] Cookie username: jerri.christmas
[2024-12-30 14:39:04] User data set in session: {"loggedin":true,"username":"jerri.christmas","employeeID":"6052","userID":"2E189D38-87F7-41A7-AD56-A0022B1EBE92","FirstName":"JERRI","LastName":"CHRISTMAS","PreferredName":"JERRI","DepartmentNumber":"41515","isAdmin":"No Info","isLDAP":"1"}
[2024-12-30 14:39:04] Login time updated successfully for user ID: 2E189D38-87F7-41A7-AD56-A0022B1EBE92
[2024-12-30 14:39:04] Count: 7
[2024-12-30 14:39:04] User logged in from cookie: jerri.christmas
[2024-12-30 14:51:33] Cookie data: Array
(
    [username] => jon.ellwood
)

[2024-12-30 14:51:33] Cookie username: jon.ellwood
[2024-12-30 14:51:33] User data set in session: {"loggedin":true,"username":"jon.ellwood","employeeID":"4438","userID":"E4BCDD46-0DDA-459D-A835-2C8B88B3421E","FirstName":"JONATHAN","LastName":"ELLWOOD","PreferredName":"JON","DepartmentNumber":"41515","isAdmin":"No Info","isLDAP":"1"}
[2024-12-30 14:51:33] Login time updated successfully for user ID: E4BCDD46-0DDA-459D-A835-2C8B88B3421E
[2024-12-30 14:51:33] Count: 8
[2024-12-30 14:51:33] User logged in from cookie: jon.ellwood
[2024-12-30 16:16:14] POST request received
[2024-12-30 16:16:14] Login attempt for user: jon.ellwood
[2024-12-30 16:16:15] User ldap logged in: jon.ellwood
[2024-12-30 16:16:15] User data set in session: {"loggedin":true,"loggedinuser":"jon.ellwood","username":"jon.ellwood","employeeID":"4438","userID":"E4BCDD46-0DDA-459D-A835-2C8B88B3421E","FirstName":"JONATHAN","LastName":"ELLWOOD","PreferredName":"JON","DepartmentNumber":"41515","isAdmin":"No Info","isLDAP":"1"}
[2024-12-30 16:16:15] Login time updated successfully for user ID: E4BCDD46-0DDA-459D-A835-2C8B88B3421E
[2024-12-30 16:16:15] Count: 8
[2024-12-30 16:16:15] User db is valid: jon.ellwood
[2024-12-30 16:16:15] Login time updated successfully for user ID: E4BCDD46-0DDA-459D-A835-2C8B88B3421E
[2024-12-30 16:16:15] Count: 8
[2024-12-30 18:15:40] Cookie data: Array
(
    [username] => CHERYL.GREENWOOD
)

[2024-12-30 18:15:40] Cookie username: CHERYL.GREENWOOD
[2024-12-30 18:15:40] User data set in session: {"loggedin":true,"username":"CHERYL.GREENWOOD","employeeID":"6865","userID":"2C8147D7-CA9F-4D63-8C3A-F96C86EA6526","FirstName":"CHERYL","LastName":"GREENWOOD","PreferredName":"CHERYL","DepartmentNumber":"41514","isAdmin":"No Info","isLDAP":"1"}
[2024-12-30 18:15:40] Login time updated successfully for user ID: 2C8147D7-CA9F-4D63-8C3A-F96C86EA6526
[2024-12-30 18:15:40] Count: 7
[2024-12-30 18:15:40] User logged in from cookie: CHERYL.GREENWOOD
[2024-12-30 18:41:51] Cookie data: Array
(
    [username] => jon.ellwood
)

[2024-12-30 18:41:51] Cookie username: jon.ellwood
[2024-12-30 18:41:51] User data set in session: {"loggedin":true,"username":"jon.ellwood","employeeID":"4438","userID":"E4BCDD46-0DDA-459D-A835-2C8B88B3421E","FirstName":"JONATHAN","LastName":"ELLWOOD","PreferredName":"JON","DepartmentNumber":"41515","isAdmin":"No Info","isLDAP":"1"}
[2024-12-30 18:41:51] Login time updated successfully for user ID: E4BCDD46-0DDA-459D-A835-2C8B88B3421E
[2024-12-30 18:41:51] Count: 9
[2024-12-30 18:41:51] User logged in from cookie: jon.ellwood
[2024-12-30 18:58:55] Cookie data: Array
(
    [username] => patricia.white
)

[2024-12-30 18:58:55] Cookie username: patricia.white
[2024-12-30 18:58:55] User data set in session: {"loggedin":true,"username":"patricia.white","employeeID":"8006","userID":"E5BAFA9E-A464-4168-A6D3-854BD00DED0F","FirstName":"PATRICIA","LastName":"WHITE","PreferredName":"PATTY","DepartmentNumber":"41515","isAdmin":"No Info","isLDAP":"1"}
[2024-12-30 18:58:55] Login time updated successfully for user ID: E5BAFA9E-A464-4168-A6D3-854BD00DED0F
[2024-12-30 18:58:55] Count: 8
[2024-12-30 18:58:55] User logged in from cookie: patricia.white
[2024-12-30 20:20:44] Cookie data: Array
(
    [username] => patricia.white
)

[2024-12-30 20:20:44] Cookie username: patricia.white
[2024-12-30 20:20:44] User data set in session: {"loggedin":true,"username":"patricia.white","employeeID":"8006","userID":"E5BAFA9E-A464-4168-A6D3-854BD00DED0F","FirstName":"PATRICIA","LastName":"WHITE","PreferredName":"PATTY","DepartmentNumber":"41515","isAdmin":"No Info","isLDAP":"1"}
[2024-12-30 20:20:44] Login time updated successfully for user ID: E5BAFA9E-A464-4168-A6D3-854BD00DED0F
[2024-12-30 20:20:44] Count: 8
[2024-12-30 20:20:44] User logged in from cookie: patricia.white
[2024-12-31 13:08:08] Cookie data: Array
(
    [username] => jon.ellwood
)

[2024-12-31 13:08:08] Cookie username: jon.ellwood
[2024-12-31 13:08:08] User data set in session: {"loggedin":true,"username":"jon.ellwood","employeeID":"4438","userID":"E4BCDD46-0DDA-459D-A835-2C8B88B3421E","FirstName":"JONATHAN","LastName":"ELLWOOD","PreferredName":"JON","DepartmentNumber":"41515","isAdmin":"No Info","isLDAP":"1"}
[2024-12-31 13:08:08] Login time updated successfully for user ID: E4BCDD46-0DDA-459D-A835-2C8B88B3421E
[2024-12-31 13:08:08] Count: 9
[2024-12-31 13:08:08] User logged in from cookie: jon.ellwood
[2024-12-31 13:16:57] Cookie data: Array
(
    [username] => jon.ellwood
)

[2024-12-31 13:16:57] Cookie username: jon.ellwood
[2024-12-31 13:16:57] User data set in session: {"loggedin":true,"username":"jon.ellwood","employeeID":"4438","userID":"E4BCDD46-0DDA-459D-A835-2C8B88B3421E","FirstName":"JONATHAN","LastName":"ELLWOOD","PreferredName":"JON","DepartmentNumber":"41515","isAdmin":"No Info","isLDAP":"1"}
[2024-12-31 13:16:57] Login time updated successfully for user ID: E4BCDD46-0DDA-459D-A835-2C8B88B3421E
[2024-12-31 13:16:57] Count: 9
[2024-12-31 13:16:57] User logged in from cookie: jon.ellwood
[2024-12-31 14:57:06] Cookie data: Array
(
    [username] => jon.ellwood
)

[2024-12-31 14:57:06] Cookie username: jon.ellwood
[2024-12-31 14:57:06] User data set in session: {"loggedin":true,"username":"jon.ellwood","employeeID":"4438","userID":"E4BCDD46-0DDA-459D-A835-2C8B88B3421E","FirstName":"JONATHAN","LastName":"ELLWOOD","PreferredName":"JON","DepartmentNumber":"41515","isAdmin":"No Info","isLDAP":"1"}
[2024-12-31 14:57:06] Login time updated successfully for user ID: E4BCDD46-0DDA-459D-A835-2C8B88B3421E
[2024-12-31 14:57:07] Count: 9
[2024-12-31 14:57:07] User logged in from cookie: jon.ellwood
[2024-12-31 17:13:59] Cookie data: Array
(
    [username] => jon.ellwood
)

[2024-12-31 17:13:59] Cookie username: jon.ellwood
[2024-12-31 17:13:59] User data set in session: {"loggedin":true,"username":"jon.ellwood","employeeID":"4438","userID":"E4BCDD46-0DDA-459D-A835-2C8B88B3421E","FirstName":"JONATHAN","LastName":"ELLWOOD","PreferredName":"JON","DepartmentNumber":"41515","isAdmin":"No Info","isLDAP":"1"}
[2024-12-31 17:13:59] Login time updated successfully for user ID: E4BCDD46-0DDA-459D-A835-2C8B88B3421E
[2024-12-31 17:13:59] Count: 9
[2024-12-31 17:13:59] User logged in from cookie: jon.ellwood
[2025-01-02 13:02:15] Cookie data: Array
(
    [username] => jon.ellwood
)

[2025-01-02 13:02:15] Cookie username: jon.ellwood
[2025-01-02 13:02:15] User data set in session: {"loggedin":true,"username":"jon.ellwood","employeeID":"4438","userID":"E4BCDD46-0DDA-459D-A835-2C8B88B3421E","FirstName":"JONATHAN","LastName":"ELLWOOD","PreferredName":"JON","DepartmentNumber":"41515","isAdmin":"No Info","isLDAP":"1"}
[2025-01-02 13:02:15] Login time updated successfully for user ID: E4BCDD46-0DDA-459D-A835-2C8B88B3421E
[2025-01-02 13:02:15] Count: 9
[2025-01-02 13:02:15] User logged in from cookie: jon.ellwood
[2025-01-02 13:52:53] Cookie data: Array
(
    [username] => jerri.christmas
)

[2025-01-02 13:52:53] Cookie username: jerri.christmas
[2025-01-02 13:52:53] User data set in session: {"loggedin":true,"username":"jerri.christmas","employeeID":"6052","userID":"2E189D38-87F7-41A7-AD56-A0022B1EBE92","FirstName":"JERRI","LastName":"CHRISTMAS","PreferredName":"JERRI","DepartmentNumber":"41515","isAdmin":"No Info","isLDAP":"1"}
[2025-01-02 13:52:53] Login time updated successfully for user ID: 2E189D38-87F7-41A7-AD56-A0022B1EBE92
[2025-01-02 13:52:53] Count: 8
[2025-01-02 13:52:53] User logged in from cookie: jerri.christmas
[2025-01-02 14:02:45] POST request received
[2025-01-02 14:02:45] Login attempt for user: jon.ellwood
[2025-01-02 14:02:45] User ldap logged in: jon.ellwood
[2025-01-02 14:02:45] User data set in session: {"loggedin":true,"loggedinuser":"jon.ellwood","username":"jon.ellwood","employeeID":"4438","userID":"E4BCDD46-0DDA-459D-A835-2C8B88B3421E","FirstName":"JONATHAN","LastName":"ELLWOOD","PreferredName":"JON","DepartmentNumber":"41515","isAdmin":"No Info","isLDAP":"1"}
[2025-01-02 14:02:45] Login time updated successfully for user ID: E4BCDD46-0DDA-459D-A835-2C8B88B3421E
[2025-01-02 14:02:45] Count: 9
[2025-01-02 14:02:45] User db is valid: jon.ellwood
[2025-01-02 14:02:45] Login time updated successfully for user ID: E4BCDD46-0DDA-459D-A835-2C8B88B3421E
[2025-01-02 14:02:45] Count: 9
[2025-01-02 14:12:41] Cookie data: Array
(
    [username] => CHERYL.GREENWOOD
)

[2025-01-02 14:12:41] Cookie username: CHERYL.GREENWOOD
[2025-01-02 14:12:41] User data set in session: {"loggedin":true,"username":"CHERYL.GREENWOOD","employeeID":"6865","userID":"2C8147D7-CA9F-4D63-8C3A-F96C86EA6526","FirstName":"CHERYL","LastName":"GREENWOOD","PreferredName":"CHERYL","DepartmentNumber":"41514","isAdmin":"No Info","isLDAP":"1"}
[2025-01-02 14:12:41] Login time updated successfully for user ID: 2C8147D7-CA9F-4D63-8C3A-F96C86EA6526
[2025-01-02 14:12:41] Count: 8
[2025-01-02 14:12:41] User logged in from cookie: CHERYL.GREENWOOD
[2025-01-02 14:52:47] Cookie data: Array
(
    [username] => patricia.white
)

[2025-01-02 14:52:47] Cookie username: patricia.white
[2025-01-02 14:52:47] User data set in session: {"loggedin":true,"username":"patricia.white","employeeID":"8006","userID":"E5BAFA9E-A464-4168-A6D3-854BD00DED0F","FirstName":"PATRICIA","LastName":"WHITE","PreferredName":"PATTY","DepartmentNumber":"41515","isAdmin":"No Info","isLDAP":"1"}
[2025-01-02 14:52:47] Login time updated successfully for user ID: E5BAFA9E-A464-4168-A6D3-854BD00DED0F
[2025-01-02 14:52:47] Count: 8
[2025-01-02 14:52:47] User logged in from cookie: patricia.white
[2025-01-02 15:09:01] Cookie data: Array
(
    [username] => CHERYL.GREENWOOD
)

[2025-01-02 15:09:01] Cookie username: CHERYL.GREENWOOD
[2025-01-02 15:09:01] User data set in session: {"loggedin":true,"username":"CHERYL.GREENWOOD","employeeID":"6865","userID":"2C8147D7-CA9F-4D63-8C3A-F96C86EA6526","FirstName":"CHERYL","LastName":"GREENWOOD","PreferredName":"CHERYL","DepartmentNumber":"41514","isAdmin":"No Info","isLDAP":"1"}
[2025-01-02 15:09:01] Login time updated successfully for user ID: 2C8147D7-CA9F-4D63-8C3A-F96C86EA6526
[2025-01-02 15:09:01] Count: 8
[2025-01-02 15:09:01] User logged in from cookie: CHERYL.GREENWOOD
[2025-01-02 16:14:41] Cookie data: Array
(
    [username] => jon.ellwood
)

[2025-01-02 16:14:41] Cookie username: jon.ellwood
[2025-01-02 16:14:41] User data set in session: {"loggedin":true,"username":"jon.ellwood","employeeID":"4438","userID":"E4BCDD46-0DDA-459D-A835-2C8B88B3421E","FirstName":"JONATHAN","LastName":"ELLWOOD","PreferredName":"JON","DepartmentNumber":"41515","isAdmin":"No Info","isLDAP":"1"}
[2025-01-02 16:14:41] Login time updated successfully for user ID: E4BCDD46-0DDA-459D-A835-2C8B88B3421E
[2025-01-02 16:14:41] Count: 9
[2025-01-02 16:14:41] User logged in from cookie: jon.ellwood
[2025-01-02 17:10:04] Cookie data: Array
(
    [username] => patrick.snow
)

[2025-01-02 17:10:04] Cookie username: patrick.snow
[2025-01-02 17:10:04] User data set in session: {"loggedin":true,"username":"patrick.snow","employeeID":"7980","userID":"DD765EE4-1955-45EF-ABB8-B93FE9177C40","FirstName":"PATRICK","LastName":"SNOW","PreferredName":"PATRICK","DepartmentNumber":"41515","isAdmin":"No Info","isLDAP":"1"}
[2025-01-02 17:10:04] Login time updated successfully for user ID: DD765EE4-1955-45EF-ABB8-B93FE9177C40
[2025-01-02 17:10:04] Count: 8
[2025-01-02 17:10:04] User logged in from cookie: patrick.snow
[2025-01-03 12:23:56] POST request received
[2025-01-03 12:23:56] Login attempt for user: jon.ellwood
[2025-01-03 12:23:56] User ldap logged in: jon.ellwood
[2025-01-03 12:23:56] User data set in session: {"loggedin":true,"loggedinuser":"jon.ellwood","username":"jon.ellwood","employeeID":"4438","userID":"E4BCDD46-0DDA-459D-A835-2C8B88B3421E","FirstName":"JONATHAN","LastName":"ELLWOOD","PreferredName":"JON","DepartmentNumber":"41515","isAdmin":"No Info","isLDAP":"1"}
[2025-01-03 12:23:56] Login time updated successfully for user ID: E4BCDD46-0DDA-459D-A835-2C8B88B3421E
[2025-01-03 12:23:56] Count: 9
[2025-01-03 12:23:56] User db is valid: jon.ellwood
[2025-01-03 12:23:56] Login time updated successfully for user ID: E4BCDD46-0DDA-459D-A835-2C8B88B3421E
[2025-01-03 12:23:56] Count: 9
[2025-01-03 13:51:07] Cookie data: Array
(
    [username] => jon.ellwood
)

[2025-01-03 13:51:07] Cookie username: jon.ellwood
[2025-01-03 13:51:07] User data set in session: {"loggedin":true,"username":"jon.ellwood","employeeID":"4438","userID":"E4BCDD46-0DDA-459D-A835-2C8B88B3421E","FirstName":"JONATHAN","LastName":"ELLWOOD","PreferredName":"JON","DepartmentNumber":"41515","isAdmin":"No Info","isLDAP":"1"}
[2025-01-03 13:51:07] Login time updated successfully for user ID: E4BCDD46-0DDA-459D-A835-2C8B88B3421E
[2025-01-03 13:51:07] Count: 9
[2025-01-03 13:51:07] User logged in from cookie: jon.ellwood
[2025-01-03 19:26:23] Cookie data: Array
(
    [username] => jon.ellwood
)

[2025-01-03 19:26:23] Cookie username: jon.ellwood
[2025-01-03 19:26:23] User data set in session: {"loggedin":true,"username":"jon.ellwood","employeeID":"4438","userID":"E4BCDD46-0DDA-459D-A835-2C8B88B3421E","FirstName":"JONATHAN","LastName":"ELLWOOD","PreferredName":"JON","DepartmentNumber":"41515","isAdmin":"No Info","isLDAP":"1"}
[2025-01-03 19:26:23] Login time updated successfully for user ID: E4BCDD46-0DDA-459D-A835-2C8B88B3421E
[2025-01-03 19:26:23] Count: 9
[2025-01-03 19:26:23] User logged in from cookie: jon.ellwood
[2025-01-06 13:28:31] POST request received
[2025-01-06 13:28:31] Login attempt for user: jon.ellwood
[2025-01-06 13:28:31] User ldap logged in: jon.ellwood
[2025-01-06 13:28:31] User data set in session: {"loggedin":true,"loggedinuser":"jon.ellwood","username":"jon.ellwood","employeeID":"4438","userID":"E4BCDD46-0DDA-459D-A835-2C8B88B3421E","FirstName":"JONATHAN","LastName":"ELLWOOD","PreferredName":"JON","DepartmentNumber":"41515","isAdmin":"No Info","isLDAP":"1"}
[2025-01-06 13:28:31] Login time updated successfully for user ID: E4BCDD46-0DDA-459D-A835-2C8B88B3421E
[2025-01-06 13:28:31] Count: 9
[2025-01-06 13:28:31] User db is valid: jon.ellwood
[2025-01-06 13:28:32] Login time updated successfully for user ID: E4BCDD46-0DDA-459D-A835-2C8B88B3421E
[2025-01-06 13:28:32] Count: 9
[2025-01-06 14:05:34] Cookie data: Array
(
    [username] => CHERYL.GREENWOOD
)

[2025-01-06 14:05:34] Cookie username: CHERYL.GREENWOOD
[2025-01-06 14:05:34] User data set in session: {"loggedin":true,"username":"CHERYL.GREENWOOD","employeeID":"6865","userID":"2C8147D7-CA9F-4D63-8C3A-F96C86EA6526","FirstName":"CHERYL","LastName":"GREENWOOD","PreferredName":"CHERYL","DepartmentNumber":"41514","isAdmin":"No Info","isLDAP":"1"}
[2025-01-06 14:05:34] Login time updated successfully for user ID: 2C8147D7-CA9F-4D63-8C3A-F96C86EA6526
[2025-01-06 14:05:34] Count: 8
[2025-01-06 14:05:34] User logged in from cookie: CHERYL.GREENWOOD
[2025-01-06 15:25:10] Cookie data: Array
(
    [username] => jon.ellwood
)

[2025-01-06 15:25:10] Cookie username: jon.ellwood
[2025-01-06 15:25:11] User data set in session: {"loggedin":true,"username":"jon.ellwood","employeeID":"4438","userID":"E4BCDD46-0DDA-459D-A835-2C8B88B3421E","FirstName":"JONATHAN","LastName":"ELLWOOD","PreferredName":"JON","DepartmentNumber":"41515","isAdmin":"No Info","isLDAP":"1"}
[2025-01-06 15:25:11] Login time updated successfully for user ID: E4BCDD46-0DDA-459D-A835-2C8B88B3421E
[2025-01-06 15:25:11] Count: 9
[2025-01-06 15:25:11] User logged in from cookie: jon.ellwood
[2025-01-06 16:12:08] Cookie data: Array
(
    [username] => jon.ellwood
)

[2025-01-06 16:12:08] Cookie username: jon.ellwood
[2025-01-06 16:12:08] User data set in session: {"loggedin":true,"username":"jon.ellwood","employeeID":"4438","userID":"E4BCDD46-0DDA-459D-A835-2C8B88B3421E","FirstName":"JONATHAN","LastName":"ELLWOOD","PreferredName":"JON","DepartmentNumber":"41515","isAdmin":"No Info","isLDAP":"1"}
[2025-01-06 16:12:08] Login time updated successfully for user ID: E4BCDD46-0DDA-459D-A835-2C8B88B3421E
[2025-01-06 16:12:08] Count: 9
[2025-01-06 16:12:08] User logged in from cookie: jon.ellwood
[2025-01-06 17:43:13] POST request received
[2025-01-06 17:43:13] Login attempt for user: jon.ellwood
[2025-01-06 17:43:13] User ldap logged in: jon.ellwood
[2025-01-06 17:43:13] User data set in session: {"loggedin":true,"loggedinuser":"jon.ellwood","username":"jon.ellwood","employeeID":"4438","userID":"E4BCDD46-0DDA-459D-A835-2C8B88B3421E","FirstName":"JONATHAN","LastName":"ELLWOOD","PreferredName":"JON","DepartmentNumber":"41515","isAdmin":"No Info","isLDAP":"1"}
[2025-01-06 17:43:13] Login time updated successfully for user ID: E4BCDD46-0DDA-459D-A835-2C8B88B3421E
[2025-01-06 17:43:13] Count: 9
[2025-01-06 17:43:13] User db is valid: jon.ellwood
[2025-01-06 17:43:13] Login time updated successfully for user ID: E4BCDD46-0DDA-459D-A835-2C8B88B3421E
[2025-01-06 17:43:13] Count: 9
[2025-01-07 12:45:28] Cookie data: Array
(
    [username] => jon.ellwood
)

[2025-01-07 12:45:28] Cookie username: jon.ellwood
[2025-01-07 12:45:28] User data set in session: {"loggedin":true,"username":"jon.ellwood","employeeID":"4438","userID":"E4BCDD46-0DDA-459D-A835-2C8B88B3421E","FirstName":"JONATHAN","LastName":"ELLWOOD","PreferredName":"JON","DepartmentNumber":"41515","isAdmin":"No Info","isLDAP":"1"}
[2025-01-07 12:45:28] Login time updated successfully for user ID: E4BCDD46-0DDA-459D-A835-2C8B88B3421E
[2025-01-07 12:45:28] Count: 9
[2025-01-07 12:45:28] User logged in from cookie: jon.ellwood
[2025-01-07 13:51:36] Cookie data: Array
(
    [username] => jon.ellwood
)

[2025-01-07 13:51:36] Cookie username: jon.ellwood
[2025-01-07 13:51:36] User data set in session: {"loggedin":true,"username":"jon.ellwood","employeeID":"4438","userID":"E4BCDD46-0DDA-459D-A835-2C8B88B3421E","FirstName":"JONATHAN","LastName":"ELLWOOD","PreferredName":"JON","DepartmentNumber":"41515","isAdmin":"No Info","isLDAP":"1"}
[2025-01-07 13:51:36] Login time updated successfully for user ID: E4BCDD46-0DDA-459D-A835-2C8B88B3421E
[2025-01-07 13:51:36] Count: 9
[2025-01-07 13:51:36] User logged in from cookie: jon.ellwood
[2025-01-07 16:08:49] POST request received
[2025-01-07 16:08:49] Login attempt for user: jon.ellwood
[2025-01-07 16:08:49] User ldap logged in: jon.ellwood
[2025-01-07 16:08:49] User data set in session: {"loggedin":true,"loggedinuser":"jon.ellwood","username":"jon.ellwood","employeeID":"4438","userID":"E4BCDD46-0DDA-459D-A835-2C8B88B3421E","FirstName":"JONATHAN","LastName":"ELLWOOD","PreferredName":"JON","DepartmentNumber":"41515","isAdmin":"No Info","isLDAP":"1"}
[2025-01-07 16:08:49] Login time updated successfully for user ID: E4BCDD46-0DDA-459D-A835-2C8B88B3421E
[2025-01-07 16:08:49] Count: 9
[2025-01-07 16:08:49] User db is valid: jon.ellwood
[2025-01-07 16:08:49] Login time updated successfully for user ID: E4BCDD46-0DDA-459D-A835-2C8B88B3421E
[2025-01-07 16:08:49] Count: 9
[2025-01-07 16:09:56] POST request received
[2025-01-07 16:09:56] Login attempt for user: jon.ellwood
[2025-01-07 16:09:56] User ldap logged in: jon.ellwood
[2025-01-07 16:09:56] User data set in session: {"loggedin":true,"loggedinuser":"jon.ellwood","username":"jon.ellwood","employeeID":"4438","userID":"E4BCDD46-0DDA-459D-A835-2C8B88B3421E","FirstName":"JONATHAN","LastName":"ELLWOOD","PreferredName":"JON","DepartmentNumber":"41515","isAdmin":"No Info","isLDAP":"1"}
[2025-01-07 16:09:56] Login time updated successfully for user ID: E4BCDD46-0DDA-459D-A835-2C8B88B3421E
[2025-01-07 16:09:56] Count: 9
[2025-01-07 16:09:56] User db is valid: jon.ellwood
[2025-01-07 16:09:56] Login time updated successfully for user ID: E4BCDD46-0DDA-459D-A835-2C8B88B3421E
[2025-01-07 16:09:56] Count: 9
[2025-01-07 16:09:56] Count: 0
[2025-01-07 16:09:56] Uncaught exception: SQLSTATE[HY093]: Invalid parameter number: parameter was not defined
[2025-01-07 16:18:19] Cookie data: Array
(
    [username] => CHERYL.GREENWOOD
)

[2025-01-07 16:18:19] Cookie username: CHERYL.GREENWOOD
[2025-01-07 16:18:19] User data set in session: {"loggedin":true,"username":"CHERYL.GREENWOOD","employeeID":"6865","userID":"2C8147D7-CA9F-4D63-8C3A-F96C86EA6526","FirstName":"CHERYL","LastName":"GREENWOOD","PreferredName":"CHERYL","DepartmentNumber":"41514","isAdmin":"No Info","isLDAP":"1"}
[2025-01-07 16:18:19] Login time updated successfully for user ID: 2C8147D7-CA9F-4D63-8C3A-F96C86EA6526
[2025-01-07 16:18:19] Count: 8
[2025-01-07 16:18:19] User logged in from cookie: CHERYL.GREENWOOD
[2025-01-07 16:19:31] POST request received
[2025-01-07 16:19:31] Login attempt for user: Cheryl.greenwood
[2025-01-07 16:19:31] User ldap logged in: Cheryl.greenwood
[2025-01-07 16:19:31] User data set in session: {"loggedin":true,"loggedinuser":"Cheryl.greenwood","username":"Cheryl.greenwood","employeeID":"6865","userID":"2C8147D7-CA9F-4D63-8C3A-F96C86EA6526","FirstName":"CHERYL","LastName":"GREENWOOD","PreferredName":"CHERYL","DepartmentNumber":"41514","isAdmin":"No Info","isLDAP":"1"}
[2025-01-07 16:19:31] Login time updated successfully for user ID: 2C8147D7-CA9F-4D63-8C3A-F96C86EA6526
[2025-01-07 16:19:31] Count: 8
[2025-01-07 16:19:31] User db is valid: Cheryl.greenwood
[2025-01-07 16:19:31] Login time updated successfully for user ID: 2C8147D7-CA9F-4D63-8C3A-F96C86EA6526
[2025-01-07 16:19:31] Count: 8
[2025-01-07 16:19:31] Count: 0
[2025-01-07 16:19:31] Uncaught exception: SQLSTATE[HY093]: Invalid parameter number: parameter was not defined
[2025-01-07 16:42:28] POST request received
[2025-01-07 16:42:28] Login attempt for user: jon.ellwood
[2025-01-07 16:42:28] User ldap logged in: jon.ellwood
[2025-01-07 16:42:28] User data set in session: {"loggedin":true,"loggedinuser":"jon.ellwood","username":"jon.ellwood","employeeID":"4438","userID":"E4BCDD46-0DDA-459D-A835-2C8B88B3421E","FirstName":"JONATHAN","LastName":"ELLWOOD","PreferredName":"JON","DepartmentNumber":"41515","isAdmin":"No Info","isLDAP":"1"}
[2025-01-07 16:42:28] Login time updated successfully for user ID: E4BCDD46-0DDA-459D-A835-2C8B88B3421E
[2025-01-07 16:42:28] Count: 9
[2025-01-07 16:42:28] User db is valid: jon.ellwood
[2025-01-07 16:42:28] Login time updated successfully for user ID: E4BCDD46-0DDA-459D-A835-2C8B88B3421E
[2025-01-07 16:42:28] Count: 9
[2025-01-07 16:42:28] CardAccessCount: 0
[2025-01-07 16:42:28] Inserted card access record for User ID: E4BCDD46-0DDA-459D-A835-2C8B88B3421E, Card ID:7e705475-5743-4477-a1c7-9165ecf62ddb
[2025-01-07 16:42:28] Inserted card access record for User ID: E4BCDD46-0DDA-459D-A835-2C8B88B3421E, Card ID:a315fae2-3716-49f8-a076-95ddef2313b4
[2025-01-07 16:42:28] Inserted card access record for User ID: E4BCDD46-0DDA-459D-A835-2C8B88B3421E, Card ID:4c2fe295-7d3d-4a0f-97b6-964930142902
[2025-01-07 16:42:28] Inserted card access record for User ID: E4BCDD46-0DDA-459D-A835-2C8B88B3421E, Card ID:988846bf-c1bf-4867-8399-e0dd5000458d
[2025-01-07 16:42:28] Inserted card access record for User ID: E4BCDD46-0DDA-459D-A835-2C8B88B3421E, Card ID:8dd2ea8e-560b-48a9-9a5f-1f152cafaa9c
[2025-01-07 17:54:41] Cookie data: Array
(
    [username] => jon.ellwood
)

[2025-01-07 17:54:41] Cookie username: jon.ellwood
[2025-01-07 17:54:41] User data set in session: {"loggedin":true,"username":"jon.ellwood","employeeID":"4438","userID":"E4BCDD46-0DDA-459D-A835-2C8B88B3421E","FirstName":"JONATHAN","LastName":"ELLWOOD","PreferredName":"JON","DepartmentNumber":"41515","isAdmin":"No Info","isLDAP":"1"}
[2025-01-07 17:54:41] Login time and last activity updated successfully for user ID: E4BCDD46-0DDA-459D-A835-2C8B88B3421E
[2025-01-07 17:54:41] Count: 9
[2025-01-07 17:54:41] User logged in from cookie: jon.ellwood
[2025-01-07 18:02:21] POST request received
[2025-01-07 18:02:21] Login attempt for user: jon.ellwood
[2025-01-07 18:02:21] Error [2] on line 27 in file /var/www/html/auth/UserAuth.php: ldap_bind(): Unable to bind to server: Invalid credentials
[2025-01-07 18:02:21] Invalid credentials for user: jon.ellwood
[2025-01-07 18:03:11] POST request received
[2025-01-07 18:03:11] Login attempt for user: jon.ellwood
[2025-01-07 18:03:11] User ldap logged in: jon.ellwood
[2025-01-07 18:03:11] User data set in session: {"loggedin":true,"loggedinuser":"jon.ellwood","username":"jon.ellwood","employeeID":"4438","userID":"E4BCDD46-0DDA-459D-A835-2C8B88B3421E","FirstName":"JONATHAN","LastName":"ELLWOOD","PreferredName":"JON","DepartmentNumber":"41515","isAdmin":"No Info","isLDAP":"1"}
[2025-01-07 18:03:11] Login time and last activity updated successfully for user ID: E4BCDD46-0DDA-459D-A835-2C8B88B3421E
[2025-01-07 18:03:11] Count: 9
[2025-01-07 18:03:11] User db is valid: jon.ellwood
[2025-01-07 18:03:11] Login time and last activity updated successfully for user ID: E4BCDD46-0DDA-459D-A835-2C8B88B3421E
[2025-01-07 18:03:11] Count: 9
[2025-01-07 18:03:11] CardAccessCount: 5
[2025-01-07 18:04:00] POST request received
[2025-01-07 18:04:00] Login attempt for user: jon.ellwood
[2025-01-07 18:04:00] User ldap logged in: jon.ellwood
[2025-01-07 18:04:01] User data set in session: {"loggedin":true,"loggedinuser":"jon.ellwood","username":"jon.ellwood","employeeID":"4438","userID":"E4BCDD46-0DDA-459D-A835-2C8B88B3421E","FirstName":"JONATHAN","LastName":"ELLWOOD","PreferredName":"JON","DepartmentNumber":"41515","isAdmin":"No Info","isLDAP":"1"}
[2025-01-07 18:04:01] Login time and last activity updated successfully for user ID: E4BCDD46-0DDA-459D-A835-2C8B88B3421E
[2025-01-07 18:04:01] Count: 9
[2025-01-07 18:04:01] User db is valid: jon.ellwood
[2025-01-07 18:04:01] Login time and last activity updated successfully for user ID: E4BCDD46-0DDA-459D-A835-2C8B88B3421E
[2025-01-07 18:04:01] Count: 9
[2025-01-07 18:04:01] CardAccessCount: 5
[2025-01-07 18:08:49] POST request received
[2025-01-07 18:08:49] Login attempt for user: jon.ellwood
[2025-01-07 18:08:49] User ldap logged in: jon.ellwood
[2025-01-07 18:08:49] User data set in session: {"loggedin":true,"loggedinuser":"jon.ellwood","username":"jon.ellwood","employeeID":"4438","userID":"E4BCDD46-0DDA-459D-A835-2C8B88B3421E","FirstName":"JONATHAN","LastName":"ELLWOOD","PreferredName":"JON","DepartmentNumber":"41515","isAdmin":"No Info","isLDAP":"1"}
[2025-01-07 18:08:49] Login time and last activity updated successfully for user ID: E4BCDD46-0DDA-459D-A835-2C8B88B3421E
[2025-01-07 18:08:49] Count: 9
[2025-01-07 18:08:49] User db is valid: jon.ellwood
[2025-01-07 18:08:49] Login time and last activity updated successfully for user ID: E4BCDD46-0DDA-459D-A835-2C8B88B3421E
[2025-01-07 18:08:49] Count: 9
[2025-01-07 18:08:49] CardAccessCount: 9
[2025-01-07 18:25:56] Cookie data: Array
(
    [username] => Cheryl.greenwood
)

[2025-01-07 18:25:56] Cookie username: Cheryl.greenwood
[2025-01-07 18:25:56] User data set in session: {"loggedin":true,"username":"Cheryl.greenwood","employeeID":"6865","userID":"2C8147D7-CA9F-4D63-8C3A-F96C86EA6526","FirstName":"CHERYL","LastName":"GREENWOOD","PreferredName":"CHERYL","DepartmentNumber":"41514","isAdmin":"No Info","isLDAP":"1"}
[2025-01-07 18:25:56] Login time and last activity updated successfully for user ID: 2C8147D7-CA9F-4D63-8C3A-F96C86EA6526
[2025-01-07 18:25:56] Count: 8
[2025-01-07 18:25:56] User logged in from cookie: Cheryl.greenwood
[2025-01-07 20:36:34] POST request received
[2025-01-07 20:36:34] Login attempt for user: jon.ellwood
[2025-01-07 20:36:34] Error [2] on line 27 in file /var/www/html/auth/UserAuth.php: ldap_bind(): Unable to bind to server: Invalid credentials
[2025-01-07 20:36:34] Invalid credentials for user: jon.ellwood
[2025-01-07 20:36:50] POST request received
[2025-01-07 20:36:50] Login attempt for user: jon.ellwood
[2025-01-07 20:36:51] User ldap logged in: jon.ellwood
[2025-01-07 20:36:51] User data set in session: {"loggedin":true,"loggedinuser":"jon.ellwood","username":"jon.ellwood","employeeID":"4438","userID":"E4BCDD46-0DDA-459D-A835-2C8B88B3421E","FirstName":"JONATHAN","LastName":"ELLWOOD","PreferredName":"JON","DepartmentNumber":"41515","isAdmin":"No Info","isLDAP":"1"}
[2025-01-07 20:36:51] Login time and last activity updated successfully for user ID: E4BCDD46-0DDA-459D-A835-2C8B88B3421E
[2025-01-07 20:36:51] Count: 9
[2025-01-07 20:36:51] User db is valid: jon.ellwood
[2025-01-07 20:36:51] Login time and last activity updated successfully for user ID: E4BCDD46-0DDA-459D-A835-2C8B88B3421E
[2025-01-07 20:36:51] Count: 9
[2025-01-07 20:36:51] CardAccessCount: 9
[2025-01-07 20:36:51] Uncaught exception: SQLSTATE[42S02]: [Microsoft][ODBC Driver 18 for SQL Server][SQL Server]Invalid object name 'bcg_intranet.dbo.app_sidenav_users'.
[2025-01-08 12:28:24] Cookie data: Array
(
    [username] => jerri.christmas
)

[2025-01-08 12:28:24] Cookie username: jerri.christmas
[2025-01-08 12:28:24] User data set in session: {"loggedin":true,"username":"jerri.christmas","employeeID":"6052","userID":"2E189D38-87F7-41A7-AD56-A0022B1EBE92","FirstName":"JERRI","LastName":"CHRISTMAS","PreferredName":"JERRI","DepartmentNumber":"41515","isAdmin":"No Info","isLDAP":"1"}
[2025-01-08 12:28:24] Login time and last activity updated successfully for user ID: 2E189D38-87F7-41A7-AD56-A0022B1EBE92
[2025-01-08 12:28:24] Count: 8
[2025-01-08 12:28:24] User logged in from cookie: jerri.christmas
[2025-01-08 12:29:11] POST request received
[2025-01-08 12:29:11] Login attempt for user: jerri.christmas@berkeleycountysc.gov
[2025-01-08 12:29:11] Error [2] on line 27 in file /var/www/html/auth/UserAuth.php: ldap_bind(): Unable to bind to server: Invalid credentials
[2025-01-08 12:29:11] Invalid credentials for user: jerri.christmas@berkeleycountysc.gov
[2025-01-08 12:29:23] POST request received
[2025-01-08 12:29:23] Login attempt for user: jerri.christmas@berkeleycountysc.gov
[2025-01-08 12:29:23] Error [2] on line 27 in file /var/www/html/auth/UserAuth.php: ldap_bind(): Unable to bind to server: Invalid credentials
[2025-01-08 12:29:23] Invalid credentials for user: jerri.christmas@berkeleycountysc.gov
[2025-01-08 12:29:48] POST request received
[2025-01-08 12:29:48] Login attempt for user: jerri.christmas@berkeleycountysc.gov
[2025-01-08 12:29:48] Error [2] on line 27 in file /var/www/html/auth/UserAuth.php: ldap_bind(): Unable to bind to server: Invalid credentials
[2025-01-08 12:29:48] Invalid credentials for user: jerri.christmas@berkeleycountysc.gov
[2025-01-08 12:30:25] POST request received
[2025-01-08 12:30:25] Login attempt for user: jerri.christmas@berkeleycountysc.gov
[2025-01-08 12:30:25] Error [2] on line 27 in file /var/www/html/auth/UserAuth.php: ldap_bind(): Unable to bind to server: Invalid credentials
[2025-01-08 12:30:25] Invalid credentials for user: jerri.christmas@berkeleycountysc.gov
[2025-01-08 12:30:39] POST request received
[2025-01-08 12:30:39] Login attempt for user: jerri.christmas@berkeleycountysc.gov
[2025-01-08 12:30:39] Error [2] on line 27 in file /var/www/html/auth/UserAuth.php: ldap_bind(): Unable to bind to server: Invalid credentials
[2025-01-08 12:30:39] Invalid credentials for user: jerri.christmas@berkeleycountysc.gov
[2025-01-08 12:31:23] POST request received
[2025-01-08 12:31:23] Login attempt for user: jerri.christmas@berkeleycountysc.gov
[2025-01-08 12:31:23] Error [2] on line 27 in file /var/www/html/auth/UserAuth.php: ldap_bind(): Unable to bind to server: Invalid credentials
[2025-01-08 12:31:23] Invalid credentials for user: jerri.christmas@berkeleycountysc.gov
[2025-01-08 13:59:18] POST request received
[2025-01-08 13:59:18] Login attempt for user: jerri.christmas@berkeleycountysc.gov
[2025-01-08 13:59:18] Error [2] on line 27 in file /var/www/html/auth/UserAuth.php: ldap_bind(): Unable to bind to server: Invalid credentials
[2025-01-08 13:59:18] Invalid credentials for user: jerri.christmas@berkeleycountysc.gov
[2025-01-08 15:14:22] POST request received
[2025-01-08 15:14:22] Login attempt for user: jerri.christmas
[2025-01-08 15:14:22] User ldap logged in: jerri.christmas
[2025-01-08 15:14:22] User data set in session: {"loggedin":true,"loggedinuser":"jerri.christmas","username":"jerri.christmas","employeeID":"6052","userID":"2E189D38-87F7-41A7-AD56-A0022B1EBE92","FirstName":"JERRI","LastName":"CHRISTMAS","PreferredName":"JERRI","DepartmentNumber":"41515","isAdmin":"No Info","isLDAP":"1"}
[2025-01-08 15:14:22] Login time and last activity updated successfully for user ID: 2E189D38-87F7-41A7-AD56-A0022B1EBE92
[2025-01-08 15:14:22] Count: 8
[2025-01-08 15:14:22] User db is valid: jerri.christmas
[2025-01-08 15:14:22] Login time and last activity updated successfully for user ID: 2E189D38-87F7-41A7-AD56-A0022B1EBE92
[2025-01-08 15:14:22] Count: 8
[2025-01-08 15:14:22] CardAccessCount: 0
[2025-01-08 15:14:22] Inserted card access record for User ID: 2E189D38-87F7-41A7-AD56-A0022B1EBE92, Card ID:7e705475-5743-4477-a1c7-9165ecf62ddb
[2025-01-08 15:14:22] Inserted card access record for User ID: 2E189D38-87F7-41A7-AD56-A0022B1EBE92, Card ID:a315fae2-3716-49f8-a076-95ddef2313b4
[2025-01-08 15:14:22] Inserted card access record for User ID: 2E189D38-87F7-41A7-AD56-A0022B1EBE92, Card ID:4c2fe295-7d3d-4a0f-97b6-964930142902
[2025-01-08 15:14:22] Inserted card access record for User ID: 2E189D38-87F7-41A7-AD56-A0022B1EBE92, Card ID:988846bf-c1bf-4867-8399-e0dd5000458d
[2025-01-08 15:14:22] Inserted card access record for User ID: 2E189D38-87F7-41A7-AD56-A0022B1EBE92, Card ID:8dd2ea8e-560b-48a9-9a5f-1f152cafaa9c
[2025-01-08 15:14:22] Uncaught exception: SQLSTATE[42S02]: [Microsoft][ODBC Driver 18 for SQL Server][SQL Server]Invalid object name 'bcg_intranet.dbo.app_sidenav_users'.
[2025-01-08 16:04:00] Cookie data: Array
(
    [username] => jon.ellwood
)

[2025-01-08 16:04:00] Cookie username: jon.ellwood
[2025-01-08 16:04:00] User data set in session: {"loggedin":true,"username":"jon.ellwood","employeeID":"4438","userID":"E4BCDD46-0DDA-459D-A835-2C8B88B3421E","FirstName":"JONATHAN","LastName":"ELLWOOD","PreferredName":"JON","DepartmentNumber":"41515","isAdmin":"No Info","isLDAP":"1"}
[2025-01-08 16:04:00] Login time and last activity updated successfully for user ID: E4BCDD46-0DDA-459D-A835-2C8B88B3421E
[2025-01-08 16:04:00] Count: 9
[2025-01-08 16:04:00] User logged in from cookie: jon.ellwood
[2025-01-08 17:02:00] Cookie data: Array
(
    [username] => jon.ellwood
)

[2025-01-08 17:02:00] Cookie username: jon.ellwood
[2025-01-08 17:02:00] User data set in session: {"loggedin":true,"username":"jon.ellwood","employeeID":"4438","userID":"E4BCDD46-0DDA-459D-A835-2C8B88B3421E","FirstName":"JONATHAN","LastName":"ELLWOOD","PreferredName":"JON","DepartmentNumber":"41515","isAdmin":"No Info","isLDAP":"1"}
[2025-01-08 17:02:00] Login time and last activity updated successfully for user ID: E4BCDD46-0DDA-459D-A835-2C8B88B3421E
[2025-01-08 17:02:00] Count: 9
[2025-01-08 17:02:00] User logged in from cookie: jon.ellwood
[2025-01-08 18:18:02] Cookie data: Array
(
    [username] => jon.ellwood
)

[2025-01-08 18:18:02] Cookie username: jon.ellwood
[2025-01-08 18:18:02] User data set in session: {"loggedin":true,"username":"jon.ellwood","employeeID":"4438","userID":"E4BCDD46-0DDA-459D-A835-2C8B88B3421E","FirstName":"JONATHAN","LastName":"ELLWOOD","PreferredName":"JON","DepartmentNumber":"41515","isAdmin":"No Info","isLDAP":"1"}
[2025-01-08 18:18:02] Login time and last activity updated successfully for user ID: E4BCDD46-0DDA-459D-A835-2C8B88B3421E
[2025-01-08 18:18:02] Count: 9
[2025-01-08 18:18:02] User logged in from cookie: jon.ellwood
[2025-01-08 19:55:22] Cookie data: Array
(
    [username] => jerri.christmas
)

[2025-01-08 19:55:22] Cookie username: jerri.christmas
[2025-01-08 19:55:22] User data set in session: {"loggedin":true,"username":"jerri.christmas","employeeID":"6052","userID":"2E189D38-87F7-41A7-AD56-A0022B1EBE92","FirstName":"JERRI","LastName":"CHRISTMAS","PreferredName":"JERRI","DepartmentNumber":"41515","isAdmin":"No Info","isLDAP":"1"}
[2025-01-08 19:55:22] Login time and last activity updated successfully for user ID: 2E189D38-87F7-41A7-AD56-A0022B1EBE92
[2025-01-08 19:55:22] Count: 8
[2025-01-08 19:55:22] User logged in from cookie: jerri.christmas
[2025-01-08 19:56:13] POST request received
[2025-01-08 19:56:13] Login attempt for user: jerri.christmas
[2025-01-08 19:56:13] User ldap logged in: jerri.christmas
[2025-01-08 19:56:13] User data set in session: {"loggedin":true,"loggedinuser":"jerri.christmas","username":"jerri.christmas","employeeID":"6052","userID":"2E189D38-87F7-41A7-AD56-A0022B1EBE92","FirstName":"JERRI","LastName":"CHRISTMAS","PreferredName":"JERRI","DepartmentNumber":"41515","isAdmin":"No Info","isLDAP":"1"}
[2025-01-08 19:56:13] Login time and last activity updated successfully for user ID: 2E189D38-87F7-41A7-AD56-A0022B1EBE92
[2025-01-08 19:56:13] Count: 8
[2025-01-08 19:56:13] User db is valid: jerri.christmas
[2025-01-08 19:56:13] Login time and last activity updated successfully for user ID: 2E189D38-87F7-41A7-AD56-A0022B1EBE92
[2025-01-08 19:56:13] Count: 8
[2025-01-08 19:56:13] CardAccessCount: 9
[2025-01-08 19:56:13] SidenavItemCount: 0
[2025-01-08 19:56:13] Inserted Sidenav Access Record for User ID: 2E189D38-87F7-41A7-AD56-A0022B1EBE92, Card ID:C052B5EE-8C20-4D05-BE27-392D644EC1FD
[2025-01-08 19:56:13] Inserted Sidenav Access Record for User ID: 2E189D38-87F7-41A7-AD56-A0022B1EBE92, Card ID:F117D09B-3AE5-43E6-92C5-76BE0E660B24
[2025-01-08 19:56:13] Inserted Sidenav Access Record for User ID: 2E189D38-87F7-41A7-AD56-A0022B1EBE92, Card ID:A459C495-6210-4B0E-94D8-D9C5EAE2852F
[2025-01-08 19:56:13] Inserted Sidenav Access Record for User ID: 2E189D38-87F7-41A7-AD56-A0022B1EBE92, Card ID:D24EDF84-6AED-4D30-A4F8-EF9274521CFA
[2025-01-08 19:56:13] Inserted Sidenav Access Record for User ID: 2E189D38-87F7-41A7-AD56-A0022B1EBE92, Card ID:A158B3A3-F73D-432D-A14E-2D97090137DA
[2025-01-08 19:56:13] Inserted Sidenav Access Record for User ID: 2E189D38-87F7-41A7-AD56-A0022B1EBE92, Card ID:2509174F-3976-4B7B-BCFF-1AE08D52E87B
[2025-01-08 19:56:13] Inserted Sidenav Access Record for User ID: 2E189D38-87F7-41A7-AD56-A0022B1EBE92, Card ID:0B5AB3E8-9BE1-471A-85F8-8AFDC72B26F5
[2025-01-08 20:53:57] Cookie data: Array
(
    [username] => jerri.christmas
)

[2025-01-08 20:53:57] Cookie username: jerri.christmas
[2025-01-08 20:53:57] User data set in session: {"loggedin":true,"username":"jerri.christmas","employeeID":"6052","userID":"2E189D38-87F7-41A7-AD56-A0022B1EBE92","FirstName":"JERRI","LastName":"CHRISTMAS","PreferredName":"JERRI","DepartmentNumber":"41515","isAdmin":"No Info","isLDAP":"1"}
[2025-01-08 20:53:57] Login time and last activity updated successfully for user ID: 2E189D38-87F7-41A7-AD56-A0022B1EBE92
[2025-01-08 20:53:57] Count: 8
[2025-01-08 20:53:57] User logged in from cookie: jerri.christmas
[2025-01-09 13:38:58] POST request received
[2025-01-09 13:38:58] Login attempt for user: jon.ellwood
[2025-01-09 13:38:58] User ldap logged in: jon.ellwood
[2025-01-09 13:38:58] User data set in session: {"loggedin":true,"loggedinuser":"jon.ellwood","username":"jon.ellwood","employeeID":"4438","userID":"E4BCDD46-0DDA-459D-A835-2C8B88B3421E","FirstName":"JONATHAN","LastName":"ELLWOOD","PreferredName":"JON","DepartmentNumber":"41515","isAdmin":"No Info","isLDAP":"1"}
[2025-01-09 13:38:58] Login time and last activity updated successfully for user ID: E4BCDD46-0DDA-459D-A835-2C8B88B3421E
[2025-01-09 13:38:58] Count: 9
[2025-01-09 13:38:58] User db is valid: jon.ellwood
[2025-01-09 13:38:58] Login time and last activity updated successfully for user ID: E4BCDD46-0DDA-459D-A835-2C8B88B3421E
[2025-01-09 13:38:58] Count: 9
[2025-01-09 13:38:58] CardAccessCount: 9
[2025-01-09 13:38:58] SidenavItemCount: 15
[2025-01-09 13:39:11] POST request received
[2025-01-09 13:39:11] Login attempt for user: jon.ellwood@berkeleycountysc.gov
[2025-01-09 13:39:11] Error [2] on line 27 in file /var/www/html/auth/UserAuth.php: ldap_bind(): Unable to bind to server: Invalid credentials
[2025-01-09 13:39:11] Invalid credentials for user: jon.ellwood@berkeleycountysc.gov
[2025-01-09 13:39:26] POST request received
[2025-01-09 13:39:26] Login attempt for user: jon.ellwood@berkeleycountysc.gov
[2025-01-09 13:39:26] User ldap logged in: jon.ellwood@berkeleycountysc.gov
[2025-01-09 13:39:26] Invalid username or password for user: jon.ellwood@berkeleycountysc.gov
[2025-01-09 13:40:09] POST request received
[2025-01-09 13:40:09] Login attempt for user: jon.ellwood@berkeleycountysc.gov
[2025-01-09 13:40:09] User ldap logged in: jon.ellwood@berkeleycountysc.gov
[2025-01-09 13:40:09] Invalid username or password for user: jon.ellwood@berkeleycountysc.gov
[2025-01-09 13:46:41] POST request received
[2025-01-09 13:46:41] Login attempt for user: jon.ellwood@berkeleycountysc.gov
[2025-01-09 13:46:41] User ldap logged in: jon.ellwood@berkeleycountysc.gov
[2025-01-09 13:46:41] Invalid username or password for user: jon.ellwood@berkeleycountysc.gov
[2025-01-09 13:47:56] POST request received
[2025-01-09 13:47:56] Login attempt for user: jon.ellwood@berkeleycountysc.gov
[2025-01-09 13:47:56] User ldap logged in: jon.ellwood@berkeleycountysc.gov
[2025-01-09 13:47:56] Invalid username or password for user: jon.ellwood@berkeleycountysc.gov
[2025-01-09 13:50:00] POST request received
[2025-01-09 13:50:00] Login attempt for user: jon.ellwood
[2025-01-09 13:50:00] User ldap logged in: jon.ellwood
[2025-01-09 13:50:00] User data set in session: {"loggedin":true,"loggedinuser":"jon.ellwood","username":"jon.ellwood","employeeID":"4438","userID":"E4BCDD46-0DDA-459D-A835-2C8B88B3421E","FirstName":"JONATHAN","LastName":"ELLWOOD","PreferredName":"JON","DepartmentNumber":"41515","isAdmin":"No Info","isLDAP":"1"}
[2025-01-09 13:50:00] Login time and last activity updated successfully for user ID: E4BCDD46-0DDA-459D-A835-2C8B88B3421E
[2025-01-09 13:50:00] Count: 9
[2025-01-09 13:50:00] User db is valid: jon.ellwood
[2025-01-09 13:50:00] Login time and last activity updated successfully for user ID: E4BCDD46-0DDA-459D-A835-2C8B88B3421E
[2025-01-09 13:50:00] Count: 9
[2025-01-09 13:50:00] CardAccessCount: 9
[2025-01-09 13:50:00] SidenavItemCount: 15
[2025-01-09 14:06:31] POST request received
[2025-01-09 14:06:31] Login attempt for user: jon.ellwood
[2025-01-09 14:06:31] User ldap logged in: jon.ellwood
[2025-01-09 14:06:31] User data set in session: {"loggedin":true,"loggedinuser":"jon.ellwood","username":"jon.ellwood","employeeID":"4438","userID":"E4BCDD46-0DDA-459D-A835-2C8B88B3421E","FirstName":"JONATHAN","LastName":"ELLWOOD","PreferredName":"JON","DepartmentNumber":"41515","isAdmin":"No Info","isLDAP":"1"}
[2025-01-09 14:06:31] Login time and last activity updated successfully for user ID: E4BCDD46-0DDA-459D-A835-2C8B88B3421E
[2025-01-09 14:06:32] Count: 9
[2025-01-09 14:06:32] User db is valid: jon.ellwood
[2025-01-09 14:06:32] Login time and last activity updated successfully for user ID: E4BCDD46-0DDA-459D-A835-2C8B88B3421E
[2025-01-09 14:06:32] Count: 9
[2025-01-09 14:06:32] CardAccessCount: 9
[2025-01-09 14:06:32] SidenavItemCount: 15
[2025-01-09 14:23:42] Cookie data: Array
(
    [username] => Cheryl.greenwood
)

[2025-01-09 14:23:42] Cookie username: Cheryl.greenwood
[2025-01-09 14:23:42] User data set in session: {"loggedin":true,"username":"Cheryl.greenwood","employeeID":"6865","userID":"2C8147D7-CA9F-4D63-8C3A-F96C86EA6526","FirstName":"CHERYL","LastName":"GREENWOOD","PreferredName":"CHERYL","DepartmentNumber":"41514","isAdmin":"No Info","isLDAP":"1"}
[2025-01-09 14:23:42] Login time and last activity updated successfully for user ID: 2C8147D7-CA9F-4D63-8C3A-F96C86EA6526
[2025-01-09 14:23:42] Count: 8
[2025-01-09 14:23:42] User logged in from cookie: Cheryl.greenwood
[2025-01-09 14:31:24] 19C6F878-CD8E-4E88-9D89-C65C7DD80779
[2025-01-09 14:31:24] Error [2] on line 13 in file /var/www/html/API/updateUserOptions.php: Array to string conversion
[2025-01-09 14:31:24] Array
[2025-01-09 14:33:21] A8587F66-D5CE-42B8-BEDD-E8ED55116D75
[2025-01-09 14:33:21] [{"isLDAP":true},{"isAdmin":true},{"hideBirthday":true}]
[2025-01-09 14:34:55] Test Demark Delta 4 Alpha 1
[2025-01-09 14:34:55] EDF66E35-ACBC-4130-AEFB-491428B3A554
[2025-01-09 14:34:55] [{"isLDAP":true},{"isAdmin":true},{"hideBirthday":true}]
[2025-01-09 15:21:46] Cookie data: Array
(
    [username] => Cheryl.greenwood
)

[2025-01-09 15:21:46] Cookie username: Cheryl.greenwood
[2025-01-09 15:21:46] User data set in session: {"loggedin":true,"username":"Cheryl.greenwood","employeeID":"6865","userID":"2C8147D7-CA9F-4D63-8C3A-F96C86EA6526","FirstName":"CHERYL","LastName":"GREENWOOD","PreferredName":"CHERYL","DepartmentNumber":"41514","isAdmin":"1","isLDAP":"1"}
[2025-01-09 15:21:46] Login time and last activity updated successfully for user ID: 2C8147D7-CA9F-4D63-8C3A-F96C86EA6526
[2025-01-09 15:21:46] Count: 8
[2025-01-09 15:21:46] User logged in from cookie: Cheryl.greenwood
[2025-01-09 17:29:32] Cookie data: Array
(
    [username] => jon.ellwood
)

[2025-01-09 17:29:32] Cookie username: jon.ellwood
[2025-01-09 17:29:32] User data set in session: {"loggedin":true,"username":"jon.ellwood","employeeID":"4438","userID":"E4BCDD46-0DDA-459D-A835-2C8B88B3421E","FirstName":"JONATHAN","LastName":"ELLWOOD","PreferredName":"JON","DepartmentNumber":"41515","isAdmin":"No Info","isLDAP":"1"}
[2025-01-09 17:29:32] Login time and last activity updated successfully for user ID: E4BCDD46-0DDA-459D-A835-2C8B88B3421E
[2025-01-09 17:29:32] Count: 9
[2025-01-09 17:29:32] User logged in from cookie: jon.ellwood
[2025-01-09 19:15:07] Cookie data: Array
(
    [username] => jon.ellwood
)

[2025-01-09 19:15:07] Cookie username: jon.ellwood
[2025-01-09 19:15:07] User data set in session: {"loggedin":true,"username":"jon.ellwood","employeeID":"4438","userID":"E4BCDD46-0DDA-459D-A835-2C8B88B3421E","FirstName":"JONATHAN","LastName":"ELLWOOD","PreferredName":"JON","DepartmentNumber":"41515","isAdmin":"No Info","isLDAP":"1"}
[2025-01-09 19:15:07] Login time and last activity updated successfully for user ID: E4BCDD46-0DDA-459D-A835-2C8B88B3421E
[2025-01-09 19:15:07] Count: 9
[2025-01-09 19:15:07] User logged in from cookie: jon.ellwood
[2025-01-09 19:24:14] Cookie data: Array
(
    [username] => patrick.snow
)

[2025-01-09 19:24:14] Cookie username: patrick.snow
[2025-01-09 19:24:14] User data set in session: {"loggedin":true,"username":"patrick.snow","employeeID":"7980","userID":"DD765EE4-1955-45EF-ABB8-B93FE9177C40","FirstName":"PATRICK","LastName":"SNOW","PreferredName":"PATRICK","DepartmentNumber":"41515","isAdmin":"No Info","isLDAP":"1"}
[2025-01-09 19:24:14] Login time and last activity updated successfully for user ID: DD765EE4-1955-45EF-ABB8-B93FE9177C40
[2025-01-09 19:24:14] Count: 8
[2025-01-09 19:24:14] User logged in from cookie: patrick.snow
